Archive member included to satisfy reference by file (symbol)

c:/st/stm32cubeide_1.7.0/stm32cubeide/plugins/com.st.stm32cube.ide.mcu.externaltools.gnu-tools-for-stm32.9-2020-q2-update.win32_2.0.0.202105311346/tools/bin/../lib/gcc/arm-none-eabi/9.3.1/../../../../arm-none-eabi/lib/thumb/v7e-m+fp/hard\libc_nano.a(lib_a-errno.o)
                              ./Core/Src/syscalls.o (__errno)
c:/st/stm32cubeide_1.7.0/stm32cubeide/plugins/com.st.stm32cube.ide.mcu.externaltools.gnu-tools-for-stm32.9-2020-q2-update.win32_2.0.0.202105311346/tools/bin/../lib/gcc/arm-none-eabi/9.3.1/../../../../arm-none-eabi/lib/thumb/v7e-m+fp/hard\libc_nano.a(lib_a-exit.o)
                              c:/st/stm32cubeide_1.7.0/stm32cubeide/plugins/com.st.stm32cube.ide.mcu.externaltools.gnu-tools-for-stm32.9-2020-q2-update.win32_2.0.0.202105311346/tools/bin/../lib/gcc/arm-none-eabi/9.3.1/../../../../arm-none-eabi/lib/thumb/v7e-m+fp/hard/crt0.o (exit)
c:/st/stm32cubeide_1.7.0/stm32cubeide/plugins/com.st.stm32cube.ide.mcu.externaltools.gnu-tools-for-stm32.9-2020-q2-update.win32_2.0.0.202105311346/tools/bin/../lib/gcc/arm-none-eabi/9.3.1/../../../../arm-none-eabi/lib/thumb/v7e-m+fp/hard\libc_nano.a(lib_a-impure.o)
                              c:/st/stm32cubeide_1.7.0/stm32cubeide/plugins/com.st.stm32cube.ide.mcu.externaltools.gnu-tools-for-stm32.9-2020-q2-update.win32_2.0.0.202105311346/tools/bin/../lib/gcc/arm-none-eabi/9.3.1/../../../../arm-none-eabi/lib/thumb/v7e-m+fp/hard\libc_nano.a(lib_a-exit.o) (_global_impure_ptr)
c:/st/stm32cubeide_1.7.0/stm32cubeide/plugins/com.st.stm32cube.ide.mcu.externaltools.gnu-tools-for-stm32.9-2020-q2-update.win32_2.0.0.202105311346/tools/bin/../lib/gcc/arm-none-eabi/9.3.1/../../../../arm-none-eabi/lib/thumb/v7e-m+fp/hard\libc_nano.a(lib_a-init.o)
                              c:/st/stm32cubeide_1.7.0/stm32cubeide/plugins/com.st.stm32cube.ide.mcu.externaltools.gnu-tools-for-stm32.9-2020-q2-update.win32_2.0.0.202105311346/tools/bin/../lib/gcc/arm-none-eabi/9.3.1/../../../../arm-none-eabi/lib/thumb/v7e-m+fp/hard/crt0.o (__libc_init_array)
c:/st/stm32cubeide_1.7.0/stm32cubeide/plugins/com.st.stm32cube.ide.mcu.externaltools.gnu-tools-for-stm32.9-2020-q2-update.win32_2.0.0.202105311346/tools/bin/../lib/gcc/arm-none-eabi/9.3.1/../../../../arm-none-eabi/lib/thumb/v7e-m+fp/hard\libc_nano.a(lib_a-memset.o)
                              c:/st/stm32cubeide_1.7.0/stm32cubeide/plugins/com.st.stm32cube.ide.mcu.externaltools.gnu-tools-for-stm32.9-2020-q2-update.win32_2.0.0.202105311346/tools/bin/../lib/gcc/arm-none-eabi/9.3.1/../../../../arm-none-eabi/lib/thumb/v7e-m+fp/hard/crt0.o (memset)
c:/st/stm32cubeide_1.7.0/stm32cubeide/plugins/com.st.stm32cube.ide.mcu.externaltools.gnu-tools-for-stm32.9-2020-q2-update.win32_2.0.0.202105311346/tools/bin/../lib/gcc/arm-none-eabi/9.3.1/../../../../arm-none-eabi/lib/thumb/v7e-m+fp/hard\libc_nano.a(lib_a-sprintf.o)
                              ./Core/Src/uart.o (sprintf)
c:/st/stm32cubeide_1.7.0/stm32cubeide/plugins/com.st.stm32cube.ide.mcu.externaltools.gnu-tools-for-stm32.9-2020-q2-update.win32_2.0.0.202105311346/tools/bin/../lib/gcc/arm-none-eabi/9.3.1/../../../../arm-none-eabi/lib/thumb/v7e-m+fp/hard\libc_nano.a(lib_a-strlen.o)
                              ./Core/Src/lcd.o (strlen)
c:/st/stm32cubeide_1.7.0/stm32cubeide/plugins/com.st.stm32cube.ide.mcu.externaltools.gnu-tools-for-stm32.9-2020-q2-update.win32_2.0.0.202105311346/tools/bin/../lib/gcc/arm-none-eabi/9.3.1/../../../../arm-none-eabi/lib/thumb/v7e-m+fp/hard\libc_nano.a(lib_a-nano-svfprintf.o)
                              c:/st/stm32cubeide_1.7.0/stm32cubeide/plugins/com.st.stm32cube.ide.mcu.externaltools.gnu-tools-for-stm32.9-2020-q2-update.win32_2.0.0.202105311346/tools/bin/../lib/gcc/arm-none-eabi/9.3.1/../../../../arm-none-eabi/lib/thumb/v7e-m+fp/hard\libc_nano.a(lib_a-sprintf.o) (_svfprintf_r)
c:/st/stm32cubeide_1.7.0/stm32cubeide/plugins/com.st.stm32cube.ide.mcu.externaltools.gnu-tools-for-stm32.9-2020-q2-update.win32_2.0.0.202105311346/tools/bin/../lib/gcc/arm-none-eabi/9.3.1/../../../../arm-none-eabi/lib/thumb/v7e-m+fp/hard\libc_nano.a(lib_a-nano-vfprintf_i.o)
                              c:/st/stm32cubeide_1.7.0/stm32cubeide/plugins/com.st.stm32cube.ide.mcu.externaltools.gnu-tools-for-stm32.9-2020-q2-update.win32_2.0.0.202105311346/tools/bin/../lib/gcc/arm-none-eabi/9.3.1/../../../../arm-none-eabi/lib/thumb/v7e-m+fp/hard\libc_nano.a(lib_a-nano-svfprintf.o) (_printf_i)
c:/st/stm32cubeide_1.7.0/stm32cubeide/plugins/com.st.stm32cube.ide.mcu.externaltools.gnu-tools-for-stm32.9-2020-q2-update.win32_2.0.0.202105311346/tools/bin/../lib/gcc/arm-none-eabi/9.3.1/../../../../arm-none-eabi/lib/thumb/v7e-m+fp/hard\libc_nano.a(lib_a-memchr.o)
[...]
Memory Configuration

Name             Origin             Length             Attributes
CCMRAM           0x0000000010000000 0x0000000000010000 xrw
RAM              0x0000000020000000 0x0000000000020000 xrw
FLASH            0x0000000008000000 0x0000000000100000 xr
*default*        0x0000000000000000 0xffffffffffffffff

Linker script and memory map

LOAD c:/st/stm32cubeide_1.7.0/stm32cubeide/plugins/com.st.stm32cube.ide.mcu.externaltools.gnu-tools-for-stm32.9-2020-q2-update.win32_2.0.0.202105311346/tools/bin/../lib/gcc/arm-none-eabi/9.3.1/thumb/v7e-m+fp/hard/crti.o
LOAD c:/st/stm32cubeide_1.7.0/stm32cubeide/plugins/com.st.stm32cube.ide.mcu.externaltools.gnu-tools-for-stm32.9-2020-q2-update.win32_2.0.0.202105311346/tools/bin/../lib/gcc/arm-none-eabi/9.3.1/thumb/v7e-m+fp/hard/crtbegin.o
LOAD c:/st/stm32cubeide_1.7.0/stm32cubeide/plugins/com.st.stm32cube.ide.mcu.externaltools.gnu-tools-for-stm32.9-2020-q2-update.win32_2.0.0.202105311346/tools/bin/../lib/gcc/arm-none-eabi/9.3.1/../../../../arm-none-eabi/lib/thumb/v7e-m+fp/hard/crt0.o
LOAD ./Core/Src/adc.o
LOAD ./Core/Src/button.o
LOAD ./Core/Src/buzzer.o
LOAD ./Core/Src/display.o
LOAD ./Core/Src/dma.o
LOAD ./Core/Src/ds3231.o
LOAD ./Core/Src/fsmc.o
LOAD ./Core/Src/gpio.o
LOAD ./Core/Src/i2c.o
LOAD ./Core/Src/lcd.o
LOAD ./Core/Src/led_7seg.o
LOAD ./Core/Src/main.o
LOAD ./Core/Src/picture.o
LOAD ./Core/Src/sensor.o
LOAD ./Core/Src/software_timer.o
LOAD ./Core/Src/spi.o
LOAD ./Core/Src/stm32f4xx_hal_msp.o
LOAD ./Core/Src/stm32f4xx_it.o
LOAD ./Core/Src/syscalls.o
LOAD ./Core/Src/sysmem.o
LOAD ./Core/Src/system_stm32f4xx.o
LOAD ./Core/Src/tim.o
LOAD ./Core/Src/uart.o
LOAD ./Core/Src/usart.o
LOAD ./Core/Src/utils.o
LOAD ./Core/Startup/startup_stm32f407zetx.o
LOAD ./Drivers/STM32F4xx_HAL_Driver/Src/stm32f4xx_hal.o
LOAD ./Drivers/STM32F4xx_HAL_Driver/Src/stm32f4xx_hal_adc.o
LOAD ./Drivers/STM32F4xx_HAL_Driver/Src/stm32f4xx_hal_adc_ex.o
LOAD ./Drivers/STM32F4xx_HAL_Driver/Src/stm32f4xx_hal_cortex.o
LOAD ./Drivers/STM32F4xx_HAL_Driver/Src/stm32f4xx_hal_dma.o
LOAD ./Drivers/STM32F4xx_HAL_Driver/Src/stm32f4xx_hal_dma_ex.o
LOAD ./Drivers/STM32F4xx_HAL_Driver/Src/stm32f4xx_hal_exti.o
LOAD ./Drivers/STM32F4xx_HAL_Driver/Src/stm32f4xx_hal_flash.o
LOAD ./Drivers/STM32F4xx_HAL_Driver/Src/stm32f4xx_hal_flash_ex.o
LOAD ./Drivers/STM32F4xx_HAL_Driver/Src/stm32f4xx_hal_flash_ramfunc.o
LOAD ./Drivers/STM32F4xx_HAL_Driver/Src/stm32f4xx_hal_gpio.o
LOAD ./Drivers/STM32F4xx_HAL_Driver/Src/stm32f4xx_hal_i2c.o
LOAD ./Drivers/STM32F4xx_HAL_Driver/Src/stm32f4xx_hal_i2c_ex.o
LOAD ./Drivers/STM32F4xx_HAL_Driver/Src/stm32f4xx_hal_pwr.o
LOAD ./Drivers/STM32F4xx_HAL_Driver/Src/stm32f4xx_hal_pwr_ex.o
LOAD ./Drivers/STM32F4xx_HAL_Driver/Src/stm32f4xx_hal_rcc.o
LOAD ./Drivers/STM32F4xx_HAL_Driver/Src/stm32f4xx_hal_rcc_ex.o
LOAD ./Drivers/STM32F4xx_HAL_Driver/Src/stm32f4xx_hal_spi.o
LOAD ./Drivers/STM32F4xx_HAL_Driver/Src/stm32f4xx_hal_sram.o
LOAD ./Drivers/STM32F4xx_HAL_Driver/Src/stm32f4xx_hal_tim.o
LOAD ./Drivers/STM32F4xx_HAL_Driver/Src/stm32f4xx_hal_tim_ex.o
LOAD ./Drivers/STM32F4xx_HAL_Driver/Src/stm32f4xx_hal_uart.o
LOAD ./Drivers/STM32F4xx_HAL_Driver/Src/stm32f4xx_ll_adc.o
LOAD ./Drivers/STM32F4xx_HAL_Driver/Src/stm32f4xx_ll_fsmc.o
START GROUP
LOAD c:/st/stm32cubeide_1.7.0/stm32cubeide/plugins/com.st.stm32cube.ide.mcu.externaltools.gnu-tools-for-stm32.9-2020-q2-update.win32_2.0.0.202105311346/tools/bin/../lib/gcc/arm-none-eabi/9.3.1/../../../../arm-none-eabi/lib/thumb/v7e-m+fp/hard\libc_nano.a
LOAD c:/st/stm32cubeide_1.7.0/stm32cubeide/plugins/com.st.stm32cube.ide.mcu.externaltools.gnu-tools-for-stm32.9-2020-q2-update.win32_2.0.0.202105311346/tools/bin/../lib/gcc/arm-none-eabi/9.3.1/../../../../arm-none-eabi/lib/thumb/v7e-m+fp/hard\libm.a
END GROUP
START GROUP
LOAD c:/st/stm32cubeide_1.7.0/stm32cubeide/plugins/com.st.stm32cube.ide.mcu.externaltools.gnu-tools-for-stm32.9-2020-q2-update.win32_2.0.0.202105311346/tools/bin/../lib/gcc/arm-none-eabi/9.3.1/thumb/v7e-m+fp/hard\libgcc.a
LOAD c:/st/stm32cubeide_1.7.0/stm32cubeide/plugins/com.st.stm32cube.ide.mcu.externaltools.gnu-tools-for-stm32.9-2020-q2-update.win32_2.0.0.202105311346/tools/bin/../lib/gcc/arm-none-eabi/9.3.1/../../../../arm-none-eabi/lib/thumb/v7e-m+fp/hard\libc_nano.a
END GROUP
START GROUP
LOAD c:/st/stm32cubeide_1.7.0/stm32cubeide/plugins/com.st.stm32cube.ide.mcu.externaltools.gnu-tools-for-stm32.9-2020-q2-update.win32_2.0.0.202105311346/tools/bin/../lib/gcc/arm-none-eabi/9.3.1/thumb/v7e-m+fp/hard\libgcc.a
LOAD c:/st/stm32cubeide_1.7.0/stm32cubeide/plugins/com.st.stm32cube.ide.mcu.externaltools.gnu-tools-for-stm32.9-2020-q2-update.win32_2.0.0.202105311346/tools/bin/../lib/gcc/arm-none-eabi/9.3.1/../../../../arm-none-eabi/lib/thumb/v7e-m+fp/hard\libc_nano.a
LOAD c:/st/stm32cubeide_1.7.0/stm32cubeide/plugins/com.st.stm32cube.ide.mcu.externaltools.gnu-tools-for-stm32.9-2020-q2-update.win32_2.0.0.202105311346/tools/bin/../lib/gcc/arm-none-eabi/9.3.1/../../../../arm-none-eabi/lib/thumb/v7e-m+fp/hard\libnosys.a
END GROUP
START GROUP
LOAD c:/st/stm32cubeide_1.7.0/stm32cubeide/plugins/com.st.stm32cube.ide.mcu.externaltools.gnu-tools-for-stm32.9-2020-q2-update.win32_2.0.0.202105311346/tools/bin/../lib/gcc/arm-none-eabi/9.3.1/thumb/v7e-m+fp/hard\libgcc.a
LOAD c:/st/stm32cubeide_1.7.0/stm32cubeide/plugins/com.st.stm32cube.ide.mcu.externaltools.gnu-tools-for-stm32.9-2020-q2-update.win32_2.0.0.202105311346/tools/bin/../lib/gcc/arm-none-eabi/9.3.1/../../../../arm-none-eabi/lib/thumb/v7e-m+fp/hard\libc_nano.a
LOAD c:/st/stm32cubeide_1.7.0/stm32cubeide/plugins/com.st.stm32cube.ide.mcu.externaltools.gnu-tools-for-stm32.9-2020-q2-update.win32_2.0.0.202105311346/tools/bin/../lib/gcc/arm-none-eabi/9.3.1/../../../../arm-none-eabi/lib/thumb/v7e-m+fp/hard\libnosys.a
END GROUP
LOAD c:/st/stm32cubeide_1.7.0/stm32cubeide/plugins/com.st.stm32cube.ide.mcu.externaltools.gnu-tools-for-stm32.9-2020-q2-update.win32_2.0.0.202105311346/tools/bin/../lib/gcc/arm-none-eabi/9.3.1/thumb/v7e-m+fp/hard/crtend.o
LOAD c:/st/stm32cubeide_1.7.0/stm32cubeide/plugins/com.st.stm32cube.ide.mcu.externaltools.gnu-tools-for-stm32.9-2020-q2-update.win32_2.0.0.202105311346/tools/bin/../lib/gcc/arm-none-eabi/9.3.1/thumb/v7e-m+fp/hard/crtn.o
                0x0000000020020000                _estack = (ORIGIN (RAM) + LENGTH (RAM))
                0x0000000000000200                _Min_Heap_Size = 0x200
                0x0000000000000400                _Min_Stack_Size = 0x400

.isr_vector     0x0000000008000000      0x188
                0x0000000008000000                . = ALIGN (0x4)
 *(.isr_vector)
 .isr_vector    0x0000000008000000      0x188 ./Core/Startup/startup_stm32f407zetx.o
                0x0000000008000000                g_pfnVectors
                0x0000000008000188                . = ALIGN (0x4)

.text           0x0000000008000190     0x9718
                0x0000000008000190                . = ALIGN (0x4)
 *(.text)
 .text          0x0000000008000190       0x40 c:/st/stm32cubeide_1.7.0/stm32cubeide/plugins/com.st.stm32cube.ide.mcu.externaltools.gnu-tools-for-stm32.9-2020-q2-update.win32_2.0.0.202105311346/tools/bin/../lib/gcc/arm-none-eabi/9.3.1/thumb/v7e-m+fp/hard/crtbegin.o
 .text          0x00000000080001d0       0x10 c:/st/stm32cubeide_1.7.0/stm32cubeide/plugins/com.st.stm32cube.ide.mcu.externaltools.gnu-tools-for-stm32.9-2020-q2-update.win32_2.0.0.202105311346/tools/bin/../lib/gcc/arm-none-eabi/9.3.1/../../../../arm-none-eabi/lib/thumb/v7e-m+fp/hard\libc_nano.a(lib_a-strlen.o)
                0x00000000080001d0                strlen
 .text          0x00000000080001e0       0xa0 c:/st/stm32cubeide_1.7.0/stm32cubeide/plugins/com.st.stm32cube.ide.mcu.externaltools.gnu-tools-for-stm32.9-2020-q2-update.win32_2.0.0.202105311346/tools/bin/../lib/gcc/arm-none-eabi/9.3.1/../../../../arm-none-eabi/lib/thumb/v7e-m+fp/hard\libc_nano.a(lib_a-memchr.o)
                0x00000000080001e0                memchr
 .text          0x0000000008000280      0x378 c:/st/stm32cubeide_1.7.0/stm32cubeide/plugins/com.st.stm32cube.ide.mcu.externaltools.gnu-tools-for-stm32.9-2020-q2-update.win32_2.0.0.202105311346/tools/bin/../lib/gcc/arm-none-eabi/9.3.1/thumb/v7e-m+fp/hard\libgcc.a(_arm_addsubdf3.o)
                0x0000000008000280                __aeabi_drsub
                0x0000000008000288                __aeabi_dsub
                0x0000000008000288                __subdf3
                0x000000000800028c                __aeabi_dadd
                0x000000000800028c                __adddf3
                0x0000000008000504                __floatunsidf
                0x0000000008000504                __aeabi_ui2d
                0x0000000008000524                __floatsidf
                0x0000000008000524                __aeabi_i2d
                0x0000000008000548                __aeabi_f2d
                0x0000000008000548                __extendsfdf2
                0x000000000800058c                __floatundidf
                0x000000000800058c                __aeabi_ul2d
                0x000000000800059c                __floatdidf
                0x000000000800059c                __aeabi_l2d
 .text          0x00000000080005f8      0x424 c:/st/stm32cubeide_1.7.0/stm32cubeide/plugins/com.st.stm32cube.ide.mcu.externaltools.gnu-tools-for-stm32.9-2020-q2-update.win32_2.0.0.202105311346/tools/bin/../lib/gcc/arm-none-eabi/9.3.1/thumb/v7e-m+fp/hard\libgcc.a(_arm_muldivdf3.o)
                0x00000000080005f8                __aeabi_dmul
                0x00000000080005f8                __muldf3
                0x000000000800084c                __divdf3
                0x000000000800084c                __aeabi_ddiv
 .text          0x0000000008000a1c       0xa0 c:/st/stm32cubeide_1.7.0/stm32cubeide/plugins/com.st.stm32cube.ide.mcu.externaltools.gnu-tools-for-stm32.9-2020-q2-update.win32_2.0.0.202105311346/tools/bin/../lib/gcc/arm-none-eabi/9.3.1/thumb/v7e-m+fp/hard\libgcc.a(_arm_truncdfsf2.o)
                0x0000000008000a1c                __truncdfsf2
                0x0000000008000a1c                __aeabi_d2f
 .text          0x0000000008000abc       0x30 c:/st/stm32cubeide_1.7.0/stm32cubeide/plugins/com.st.stm32cube.ide.mcu.externaltools.gnu-tools-for-stm32.9-2020-q2-update.win32_2.0.0.202105311346/tools/bin/../lib/gcc/arm-none-eabi/9.3.1/thumb/v7e-m+fp/hard\libgcc.a(_aeabi_uldivmod.o)
                0x0000000008000abc                __aeabi_uldivmod
 .text          0x0000000008000aec      0x2c4 c:/st/stm32cubeide_1.7.0/stm32cubeide/plugins/com.st.stm32cube.ide.mcu.externaltools.gnu-tools-for-stm32.9-2020-q2-update.win32_2.0.0.202105311346/tools/bin/../lib/gcc/arm-none-eabi/9.3.1/thumb/v7e-m+fp/hard\libgcc.a(_udivmoddi4.o)
                0x0000000008000aec                __udivmoddi4
 .text          0x0000000008000db0        0x4 c:/st/stm32cubeide_1.7.0/stm32cubeide/plugins/com.st.stm32cube.ide.mcu.externaltools.gnu-tools-for-stm32.9-2020-q2-update.win32_2.0.0.202105311346/tools/bin/../lib/gcc/arm-none-eabi/9.3.1/thumb/v7e-m+fp/hard\libgcc.a(_dvmd_tls.o)
                0x0000000008000db0                __aeabi_idiv0
                0x0000000008000db0                __aeabi_ldiv0
 *(.text*)
 .text.MX_ADC1_Init
                0x0000000008000db4      0x114 ./Core/Src/adc.o
                0x0000000008000db4                MX_ADC1_Init
 .text.HAL_ADC_MspInit
                0x0000000008000ec8      0x128 ./Core/Src/adc.o
                0x0000000008000ec8                HAL_ADC_MspInit
 .text.button_init
                0x0000000008000ff0       0x18 ./Core/Src/button.o
                0x0000000008000ff0                button_init
 .text.button_Scan
                0x0000000008001008       0xd8 ./Core/Src/button.o
                0x0000000008001008                button_Scan
 .text.buzzer_init
                0x00000000080010e0       0x14 ./Core/Src/buzzer.o
                0x00000000080010e0                buzzer_init
 .text.buzzer_SetVolume
                0x00000000080010f4       0x30 ./Core/Src/buzzer.o
                0x00000000080010f4                buzzer_SetVolume
 .text.scale_power_to_y
                0x0000000008001124       0x78 ./Core/Src/display.o
 .text.display_DrawGraph
                0x000000000800119c       0xa8 ./Core/Src/display.o
 .text.display_DrawStaticLayout
                0x0000000008001244       0x9c ./Core/Src/display.o
 .text.display_ReadAndProcessSensors
                0x00000000080012e0       0xd4 ./Core/Src/display.o
 .text.display_UpdateLCD
                0x00000000080013b4      0x2f8 ./Core/Src/display.o
 .text.display_CheckAlarmState
                0x00000000080016ac       0x54 ./Core/Src/display.o
 .text.display_ExecuteAlarmAction
                0x0000000008001700       0x34 ./Core/Src/display.o
 .text.display_Init
                0x0000000008001734       0x70 ./Core/Src/display.o
                0x0000000008001734                display_Init
 .text.display_Run
                0x00000000080017a4       0xfc ./Core/Src/display.o
                0x00000000080017a4                display_Run
 .text.MX_DMA_Init
                0x00000000080018a0       0x40 ./Core/Src/dma.o
                0x00000000080018a0                MX_DMA_Init
 .text.ds3231_init
                0x00000000080018e0       0x70 ./Core/Src/ds3231.o
                0x00000000080018e0                ds3231_init
 .text.ds3231_ReadTime
                0x0000000008001950       0xc8 ./Core/Src/ds3231.o
                0x0000000008001950                ds3231_ReadTime
 .text.MX_FSMC_Init
                0x0000000008001a18       0xf4 ./Core/Src/fsmc.o
                0x0000000008001a18                MX_FSMC_Init
 .text.HAL_FSMC_MspInit
                0x0000000008001b0c       0x98 ./Core/Src/fsmc.o
 .text.HAL_SRAM_MspInit
                0x0000000008001ba4       0x14 ./Core/Src/fsmc.o
                0x0000000008001ba4                HAL_SRAM_MspInit
 .text.MX_GPIO_Init
                0x0000000008001bb8      0x20c ./Core/Src/gpio.o
                0x0000000008001bb8                MX_GPIO_Init
 .text.MX_I2C1_Init
                0x0000000008001dc4       0x5c ./Core/Src/i2c.o
                0x0000000008001dc4                MX_I2C1_Init
 .text.HAL_I2C_MspInit
                0x0000000008001e20       0x90 ./Core/Src/i2c.o
                0x0000000008001e20                HAL_I2C_MspInit
 .text.LCD_WR_REG
                0x0000000008001eb0       0x20 ./Core/Src/lcd.o
                0x0000000008001eb0                LCD_WR_REG
 .text.LCD_WR_DATA
                0x0000000008001ed0       0x20 ./Core/Src/lcd.o
 .text.LCD_RD_DATA
                0x0000000008001ef0       0x24 ./Core/Src/lcd.o
 .text.lcd_AddressSet
                0x0000000008001f14       0x98 ./Core/Src/lcd.o
                0x0000000008001f14                lcd_AddressSet
 .text.lcd_Clear
                0x0000000008001fac       0x64 ./Core/Src/lcd.o
                0x0000000008001fac                lcd_Clear
 .text.lcd_Fill
                0x0000000008002010       0x6c ./Core/Src/lcd.o
                0x0000000008002010                lcd_Fill
 .text.lcd_DrawPoint
                0x000000000800207c       0x2e ./Core/Src/lcd.o
                0x000000000800207c                lcd_DrawPoint
 .text.lcd_DrawLine
                0x00000000080020aa      0x108 ./Core/Src/lcd.o
                0x00000000080020aa                lcd_DrawLine
 .text.lcd_DrawRectangle
                0x00000000080021b2       0x6e ./Core/Src/lcd.o
                0x00000000080021b2                lcd_DrawRectangle
 .text.lcd_ShowChar
                0x0000000008002220      0x1a0 ./Core/Src/lcd.o
                0x0000000008002220                lcd_ShowChar
 .text.mypow    0x00000000080023c0       0x38 ./Core/Src/lcd.o
                0x00000000080023c0                mypow
 .text.lcd_ShowIntNum
                0x00000000080023f8       0xfc ./Core/Src/lcd.o
                0x00000000080023f8                lcd_ShowIntNum
 .text.lcd_ShowFloatNum
                0x00000000080024f4      0x110 ./Core/Src/lcd.o
                0x00000000080024f4                lcd_ShowFloatNum
 .text.lcd_SetDir
                0x0000000008002604       0x48 ./Core/Src/lcd.o
                0x0000000008002604                lcd_SetDir
 .text.lcd_init
                0x000000000800264c      0x2c0 ./Core/Src/lcd.o
                0x000000000800264c                lcd_init
 .text.lcd_ShowStr
                0x000000000800290c       0xc8 ./Core/Src/lcd.o
                0x000000000800290c                lcd_ShowStr
 .text.lcd_StrCenter
                0x00000000080029d4       0x64 ./Core/Src/lcd.o
                0x00000000080029d4                lcd_StrCenter
 .text.led7_init
                0x0000000008002a38       0x18 ./Core/Src/led_7seg.o
                0x0000000008002a38                led7_init
 .text.led7_Scan
                0x0000000008002a50      0x118 ./Core/Src/led_7seg.o
                0x0000000008002a50                led7_Scan
 .text.led7_SetDigit
                0x0000000008002b68       0x48 ./Core/Src/led_7seg.o
                0x0000000008002b68                led7_SetDigit
 .text.led7_SetColon
                0x0000000008002bb0       0x40 ./Core/Src/led_7seg.o
                0x0000000008002bb0                led7_SetColon
 .text.main     0x0000000008002bf0       0x58 ./Core/Src/main.o
                0x0000000008002bf0                main
 .text.SystemClock_Config
                0x0000000008002c48       0xd4 ./Core/Src/main.o
                0x0000000008002c48                SystemClock_Config
 .text.system_init
                0x0000000008002d1c       0x2e ./Core/Src/main.o
                0x0000000008002d1c                system_init
 .text.Error_Handler
                0x0000000008002d4a        0xa ./Core/Src/main.o
                0x0000000008002d4a                Error_Handler
 .text.sensor_init
                0x0000000008002d54       0x1c ./Core/Src/sensor.o
                0x0000000008002d54                sensor_init
 .text.sensor_Read
                0x0000000008002d70       0x1c ./Core/Src/sensor.o
                0x0000000008002d70                sensor_Read
 .text.sensor_GetLight
                0x0000000008002d8c       0x18 ./Core/Src/sensor.o
                0x0000000008002d8c                sensor_GetLight
 .text.sensor_GetPotentiometer
                0x0000000008002da4       0x18 ./Core/Src/sensor.o
                0x0000000008002da4                sensor_GetPotentiometer
 *fill*         0x0000000008002dbc        0x4 
 .text.sensor_GetVoltage
                0x0000000008002dc0       0x78 ./Core/Src/sensor.o
                0x0000000008002dc0                sensor_GetVoltage
 .text.sensor_GetCurrent
                0x0000000008002e38       0xb8 ./Core/Src/sensor.o
                0x0000000008002e38                sensor_GetCurrent
 .text.sensor_GetTemperature
                0x0000000008002ef0       0x3c ./Core/Src/sensor.o
                0x0000000008002ef0                sensor_GetTemperature
 .text.timer_init
                0x0000000008002f2c       0x14 ./Core/Src/software_timer.o
                0x0000000008002f2c                timer_init
 .text.setTimer2
                0x0000000008002f40       0x38 ./Core/Src/software_timer.o
                0x0000000008002f40                setTimer2
 .text.HAL_TIM_PeriodElapsedCallback
                0x0000000008002f78       0x54 ./Core/Src/software_timer.o
                0x0000000008002f78                HAL_TIM_PeriodElapsedCallback
 .text.MX_SPI1_Init
                0x0000000008002fcc       0x6c ./Core/Src/spi.o
                0x0000000008002fcc                MX_SPI1_Init
 .text.HAL_SPI_MspInit
                0x0000000008003038       0x90 ./Core/Src/spi.o
                0x0000000008003038                HAL_SPI_MspInit
 .text.HAL_MspInit
                0x00000000080030c8       0x50 ./Core/Src/stm32f4xx_hal_msp.o
                0x00000000080030c8                HAL_MspInit
 .text.NMI_Handler
                0x0000000008003118        0x6 ./Core/Src/stm32f4xx_it.o
                0x0000000008003118                NMI_Handler
 .text.HardFault_Handler
                0x000000000800311e        0x6 ./Core/Src/stm32f4xx_it.o
                0x000000000800311e                HardFault_Handler
 .text.MemManage_Handler
                0x0000000008003124        0x6 ./Core/Src/stm32f4xx_it.o
                0x0000000008003124                MemManage_Handler
 .text.BusFault_Handler
                0x000000000800312a        0x6 ./Core/Src/stm32f4xx_it.o
                0x000000000800312a                BusFault_Handler
 .text.UsageFault_Handler
                0x0000000008003130        0x6 ./Core/Src/stm32f4xx_it.o
                0x0000000008003130                UsageFault_Handler
 .text.SVC_Handler
                0x0000000008003136        0xe ./Core/Src/stm32f4xx_it.o
                0x0000000008003136                SVC_Handler
 .text.DebugMon_Handler
                0x0000000008003144        0xe ./Core/Src/stm32f4xx_it.o
                0x0000000008003144                DebugMon_Handler
 .text.PendSV_Handler
                0x0000000008003152        0xe ./Core/Src/stm32f4xx_it.o
                0x0000000008003152                PendSV_Handler
 .text.SysTick_Handler
                0x0000000008003160        0xc ./Core/Src/stm32f4xx_it.o
                0x0000000008003160                SysTick_Handler
 .text.TIM2_IRQHandler
                0x000000000800316c       0x14 ./Core/Src/stm32f4xx_it.o
                0x000000000800316c                TIM2_IRQHandler
 .text.USART1_IRQHandler
                0x0000000008003180       0x14 ./Core/Src/stm32f4xx_it.o
                0x0000000008003180                USART1_IRQHandler
 .text.DMA2_Stream0_IRQHandler
                0x0000000008003194       0x14 ./Core/Src/stm32f4xx_it.o
                0x0000000008003194                DMA2_Stream0_IRQHandler
 .text._sbrk    0x00000000080031a8       0x6c ./Core/Src/sysmem.o
                0x00000000080031a8                _sbrk
 .text.SystemInit
                0x0000000008003214       0x24 ./Core/Src/system_stm32f4xx.o
                0x0000000008003214                SystemInit
 .text.MX_TIM2_Init
                0x0000000008003238       0x98 ./Core/Src/tim.o
                0x0000000008003238                MX_TIM2_Init
 .text.MX_TIM13_Init
                0x00000000080032d0       0x9c ./Core/Src/tim.o
                0x00000000080032d0                MX_TIM13_Init
 .text.HAL_TIM_Base_MspInit
                0x000000000800336c       0x78 ./Core/Src/tim.o
                0x000000000800336c                HAL_TIM_Base_MspInit
 .text.HAL_TIM_MspPostInit
                0x00000000080033e4       0x74 ./Core/Src/tim.o
                0x00000000080033e4                HAL_TIM_MspPostInit
 .text.uart_init_rs232
                0x0000000008003458       0x1c ./Core/Src/uart.o
                0x0000000008003458                uart_init_rs232
 .text.uart_Rs232SendString
                0x0000000008003474       0x34 ./Core/Src/uart.o
                0x0000000008003474                uart_Rs232SendString
 .text.HAL_UART_RxCpltCallback
                0x00000000080034a8       0x3c ./Core/Src/uart.o
                0x00000000080034a8                HAL_UART_RxCpltCallback
 .text.MX_USART1_UART_Init
                0x00000000080034e4       0x54 ./Core/Src/usart.o
                0x00000000080034e4                MX_USART1_UART_Init
 .text.HAL_UART_MspInit
                0x0000000008003538       0xa0 ./Core/Src/usart.o
                0x0000000008003538                HAL_UART_MspInit
 .text.BCD2DEC  0x00000000080035d8       0x32 ./Core/Src/utils.o
                0x00000000080035d8                BCD2DEC
 *fill*         0x000000000800360a        0x2 
 .text.DEC2BCD  0x000000000800360c       0x48 ./Core/Src/utils.o
                0x000000000800360c                DEC2BCD
 .text.Reset_Handler
                0x0000000008003654       0x50 ./Core/Startup/startup_stm32f407zetx.o
                0x0000000008003654                Reset_Handler
 .text.Default_Handler
                0x00000000080036a4        0x2 ./Core/Startup/startup_stm32f407zetx.o
                0x00000000080036a4                RTC_Alarm_IRQHandler
                0x00000000080036a4                HASH_RNG_IRQHandler
                0x00000000080036a4                EXTI2_IRQHandler
                0x00000000080036a4                TIM8_CC_IRQHandler
                0x00000000080036a4                TIM1_CC_IRQHandler
                0x00000000080036a4                DMA2_Stream5_IRQHandler
                0x00000000080036a4                DMA1_Stream5_IRQHandler
                0x00000000080036a4                PVD_IRQHandler
                0x00000000080036a4                SDIO_IRQHandler
                0x00000000080036a4                TAMP_STAMP_IRQHandler
                0x00000000080036a4                CAN2_RX1_IRQHandler
                0x00000000080036a4                EXTI3_IRQHandler
                0x00000000080036a4                TIM8_TRG_COM_TIM14_IRQHandler
                0x00000000080036a4                TIM1_UP_TIM10_IRQHandler
                0x00000000080036a4                TIM8_UP_TIM13_IRQHandler
                0x00000000080036a4                I2C3_ER_IRQHandler
                0x00000000080036a4                EXTI0_IRQHandler
                0x00000000080036a4                I2C2_EV_IRQHandler
                0x00000000080036a4                DMA1_Stream2_IRQHandler
                0x00000000080036a4                CAN1_RX0_IRQHandler
                0x00000000080036a4                FPU_IRQHandler
                0x00000000080036a4                OTG_HS_WKUP_IRQHandler
                0x00000000080036a4                CAN2_SCE_IRQHandler
                0x00000000080036a4                DMA2_Stream2_IRQHandler
                0x00000000080036a4                SPI1_IRQHandler
                0x00000000080036a4                TIM6_DAC_IRQHandler
                0x00000000080036a4                TIM1_BRK_TIM9_IRQHandler
                0x00000000080036a4                DCMI_IRQHandler
                0x00000000080036a4                CAN2_RX0_IRQHandler
                0x00000000080036a4                DMA2_Stream3_IRQHandler
                0x00000000080036a4                USART6_IRQHandler
                0x00000000080036a4                USART3_IRQHandler
                0x00000000080036a4                CAN1_RX1_IRQHandler
                0x00000000080036a4                UART5_IRQHandler
                0x00000000080036a4                TIM4_IRQHandler
                0x00000000080036a4                I2C1_EV_IRQHandler
                0x00000000080036a4                DMA1_Stream6_IRQHandler
                0x00000000080036a4                DMA1_Stream1_IRQHandler
                0x00000000080036a4                UART4_IRQHandler
                0x00000000080036a4                TIM3_IRQHandler
                0x00000000080036a4                RCC_IRQHandler
                0x00000000080036a4                TIM8_BRK_TIM12_IRQHandler
                0x00000000080036a4                Default_Handler
                0x00000000080036a4                EXTI15_10_IRQHandler
                0x00000000080036a4                ADC_IRQHandler
                0x00000000080036a4                DMA1_Stream7_IRQHandler
                0x00000000080036a4                TIM7_IRQHandler
                0x00000000080036a4                CAN2_TX_IRQHandler
                0x00000000080036a4                TIM5_IRQHandler
                0x00000000080036a4                DMA2_Stream7_IRQHandler
                0x00000000080036a4                I2C3_EV_IRQHandler
                0x00000000080036a4                EXTI9_5_IRQHandler
                0x00000000080036a4                RTC_WKUP_IRQHandler
                0x00000000080036a4                ETH_WKUP_IRQHandler
                0x00000000080036a4                SPI2_IRQHandler
                0x00000000080036a4                OTG_HS_EP1_IN_IRQHandler
                0x00000000080036a4                DMA1_Stream0_IRQHandler
                0x00000000080036a4                CAN1_TX_IRQHandler
                0x00000000080036a4                EXTI4_IRQHandler
                0x00000000080036a4                FSMC_IRQHandler
                0x00000000080036a4                ETH_IRQHandler
                0x00000000080036a4                OTG_HS_EP1_OUT_IRQHandler
                0x00000000080036a4                WWDG_IRQHandler
                0x00000000080036a4                OTG_FS_WKUP_IRQHandler
                0x00000000080036a4                TIM1_TRG_COM_TIM11_IRQHandler
                0x00000000080036a4                OTG_HS_IRQHandler
                0x00000000080036a4                EXTI1_IRQHandler
                0x00000000080036a4                USART2_IRQHandler
                0x00000000080036a4                I2C2_ER_IRQHandler
                0x00000000080036a4                DMA2_Stream1_IRQHandler
                0x00000000080036a4                CAN1_SCE_IRQHandler
                0x00000000080036a4                FLASH_IRQHandler
                0x00000000080036a4                DMA2_Stream4_IRQHandler
                0x00000000080036a4                OTG_FS_IRQHandler
                0x00000000080036a4                SPI3_IRQHandler
                0x00000000080036a4                DMA1_Stream4_IRQHandler
                0x00000000080036a4                I2C1_ER_IRQHandler
                0x00000000080036a4                DMA2_Stream6_IRQHandler
                0x00000000080036a4                DMA1_Stream3_IRQHandler
 *fill*         0x00000000080036a6        0x2 
 .text.HAL_Init
                0x00000000080036a8       0x44 ./Drivers/STM32F4xx_HAL_Driver/Src/stm32f4xx_hal.o
                0x00000000080036a8                HAL_Init
 .text.HAL_InitTick
                0x00000000080036ec       0x60 ./Drivers/STM32F4xx_HAL_Driver/Src/stm32f4xx_hal.o
                0x00000000080036ec                HAL_InitTick
 .text.HAL_IncTick
                0x000000000800374c       0x28 ./Drivers/STM32F4xx_HAL_Driver/Src/stm32f4xx_hal.o
                0x000000000800374c                HAL_IncTick
 .text.HAL_GetTick
                0x0000000008003774       0x18 ./Drivers/STM32F4xx_HAL_Driver/Src/stm32f4xx_hal.o
                0x0000000008003774                HAL_GetTick
 .text.HAL_Delay
                0x000000000800378c       0x48 ./Drivers/STM32F4xx_HAL_Driver/Src/stm32f4xx_hal.o
                0x000000000800378c                HAL_Delay
 .text.HAL_ADC_Init
                0x00000000080037d4       0x86 ./Drivers/STM32F4xx_HAL_Driver/Src/stm32f4xx_hal_adc.o
                0x00000000080037d4                HAL_ADC_Init
 *fill*         0x000000000800385a        0x2 
 .text.HAL_ADC_Start_DMA
                0x000000000800385c      0x220 ./Drivers/STM32F4xx_HAL_Driver/Src/stm32f4xx_hal_adc.o
                0x000000000800385c                HAL_ADC_Start_DMA
 .text.HAL_ADC_ConvCpltCallback
                0x0000000008003a7c       0x14 ./Drivers/STM32F4xx_HAL_Driver/Src/stm32f4xx_hal_adc.o
                0x0000000008003a7c                HAL_ADC_ConvCpltCallback
 .text.HAL_ADC_ConvHalfCpltCallback
                0x0000000008003a90       0x14 ./Drivers/STM32F4xx_HAL_Driver/Src/stm32f4xx_hal_adc.o
                0x0000000008003a90                HAL_ADC_ConvHalfCpltCallback
 .text.HAL_ADC_ErrorCallback
                0x0000000008003aa4       0x14 ./Drivers/STM32F4xx_HAL_Driver/Src/stm32f4xx_hal_adc.o
                0x0000000008003aa4                HAL_ADC_ErrorCallback
 .text.HAL_ADC_ConfigChannel
                0x0000000008003ab8      0x244 ./Drivers/STM32F4xx_HAL_Driver/Src/stm32f4xx_hal_adc.o
                0x0000000008003ab8                HAL_ADC_ConfigChannel
 .text.ADC_Init
                0x0000000008003cfc      0x1f8 ./Drivers/STM32F4xx_HAL_Driver/Src/stm32f4xx_hal_adc.o
 .text.ADC_DMAConvCplt
                0x0000000008003ef4       0xba ./Drivers/STM32F4xx_HAL_Driver/Src/stm32f4xx_hal_adc.o
 .text.ADC_DMAHalfConvCplt
                0x0000000008003fae       0x1c ./Drivers/STM32F4xx_HAL_Driver/Src/stm32f4xx_hal_adc.o
 .text.ADC_DMAError
                0x0000000008003fca       0x2e ./Drivers/STM32F4xx_HAL_Driver/Src/stm32f4xx_hal_adc.o
 .text.__NVIC_SetPriorityGrouping
                0x0000000008003ff8       0x48 ./Drivers/STM32F4xx_HAL_Driver/Src/stm32f4xx_hal_cortex.o
 .text.__NVIC_GetPriorityGrouping
                0x0000000008004040       0x1c ./Drivers/STM32F4xx_HAL_Driver/Src/stm32f4xx_hal_cortex.o
 .text.__NVIC_EnableIRQ
                0x000000000800405c       0x3c ./Drivers/STM32F4xx_HAL_Driver/Src/stm32f4xx_hal_cortex.o
 .text.__NVIC_SetPriority
                0x0000000008004098       0x54 ./Drivers/STM32F4xx_HAL_Driver/Src/stm32f4xx_hal_cortex.o
 .text.NVIC_EncodePriority
                0x00000000080040ec       0x66 ./Drivers/STM32F4xx_HAL_Driver/Src/stm32f4xx_hal_cortex.o
 *fill*         0x0000000008004152        0x2 
 .text.SysTick_Config
                0x0000000008004154       0x44 ./Drivers/STM32F4xx_HAL_Driver/Src/stm32f4xx_hal_cortex.o
 .text.HAL_NVIC_SetPriorityGrouping
                0x0000000008004198       0x16 ./Drivers/STM32F4xx_HAL_Driver/Src/stm32f4xx_hal_cortex.o
                0x0000000008004198                HAL_NVIC_SetPriorityGrouping
 .text.HAL_NVIC_SetPriority
                0x00000000080041ae       0x38 ./Drivers/STM32F4xx_HAL_Driver/Src/stm32f4xx_hal_cortex.o
                0x00000000080041ae                HAL_NVIC_SetPriority
 .text.HAL_NVIC_EnableIRQ
                0x00000000080041e6       0x1c ./Drivers/STM32F4xx_HAL_Driver/Src/stm32f4xx_hal_cortex.o
                0x00000000080041e6                HAL_NVIC_EnableIRQ
 .text.HAL_SYSTICK_Config
                0x0000000008004202       0x18 ./Drivers/STM32F4xx_HAL_Driver/Src/stm32f4xx_hal_cortex.o
                0x0000000008004202                HAL_SYSTICK_Config
 *fill*         0x000000000800421a        0x2 
 .text.HAL_DMA_Init
                0x000000000800421c      0x15c ./Drivers/STM32F4xx_HAL_Driver/Src/stm32f4xx_hal_dma.o
                0x000000000800421c                HAL_DMA_Init
 .text.HAL_DMA_Start_IT
                0x0000000008004378       0xb0 ./Drivers/STM32F4xx_HAL_Driver/Src/stm32f4xx_hal_dma.o
                0x0000000008004378                HAL_DMA_Start_IT
 .text.HAL_DMA_Abort
                0x0000000008004428       0xe0 ./Drivers/STM32F4xx_HAL_Driver/Src/stm32f4xx_hal_dma.o
                0x0000000008004428                HAL_DMA_Abort
 .text.HAL_DMA_Abort_IT
                0x0000000008004508       0x44 ./Drivers/STM32F4xx_HAL_Driver/Src/stm32f4xx_hal_dma.o
                0x0000000008004508                HAL_DMA_Abort_IT
 .text.HAL_DMA_IRQHandler
                0x000000000800454c      0x314 ./Drivers/STM32F4xx_HAL_Driver/Src/stm32f4xx_hal_dma.o
                0x000000000800454c                HAL_DMA_IRQHandler
 .text.DMA_SetConfig
                0x0000000008004860       0x5c ./Drivers/STM32F4xx_HAL_Driver/Src/stm32f4xx_hal_dma.o
 .text.DMA_CalcBaseAndBitshift
                0x00000000080048bc       0x6c ./Drivers/STM32F4xx_HAL_Driver/Src/stm32f4xx_hal_dma.o
 .text.DMA_CheckFifoParam
                0x0000000008004928       0xf8 ./Drivers/STM32F4xx_HAL_Driver/Src/stm32f4xx_hal_dma.o
 .text.HAL_GPIO_Init
                0x0000000008004a20      0x338 ./Drivers/STM32F4xx_HAL_Driver/Src/stm32f4xx_hal_gpio.o
                0x0000000008004a20                HAL_GPIO_Init
 .text.HAL_GPIO_WritePin
                0x0000000008004d58       0x32 ./Drivers/STM32F4xx_HAL_Driver/Src/stm32f4xx_hal_gpio.o
                0x0000000008004d58                HAL_GPIO_WritePin
 *fill*         0x0000000008004d8a        0x2 
 .text.HAL_I2C_Init
                0x0000000008004d8c      0x288 ./Drivers/STM32F4xx_HAL_Driver/Src/stm32f4xx_hal_i2c.o
                0x0000000008004d8c                HAL_I2C_Init
 .text.HAL_I2C_Mem_Read
                0x0000000008005014      0x44c ./Drivers/STM32F4xx_HAL_Driver/Src/stm32f4xx_hal_i2c.o
                0x0000000008005014                HAL_I2C_Mem_Read
 .text.I2C_RequestMemoryRead
                0x0000000008005460      0x1d0 ./Drivers/STM32F4xx_HAL_Driver/Src/stm32f4xx_hal_i2c.o
 .text.I2C_WaitOnFlagUntilTimeout
                0x0000000008005630       0xae ./Drivers/STM32F4xx_HAL_Driver/Src/stm32f4xx_hal_i2c.o
 .text.I2C_WaitOnMasterAddressFlagUntilTimeout
                0x00000000080056de       0xfe ./Drivers/STM32F4xx_HAL_Driver/Src/stm32f4xx_hal_i2c.o
 .text.I2C_WaitOnTXEFlagUntilTimeout
                0x00000000080057dc       0x82 ./Drivers/STM32F4xx_HAL_Driver/Src/stm32f4xx_hal_i2c.o
 .text.I2C_WaitOnRXNEFlagUntilTimeout
                0x000000000800585e       0xac ./Drivers/STM32F4xx_HAL_Driver/Src/stm32f4xx_hal_i2c.o
 .text.I2C_IsAcknowledgeFailed
                0x000000000800590a       0x5e ./Drivers/STM32F4xx_HAL_Driver/Src/stm32f4xx_hal_i2c.o
 .text.HAL_RCC_OscConfig
                0x0000000008005968      0x4f0 ./Drivers/STM32F4xx_HAL_Driver/Src/stm32f4xx_hal_rcc.o
                0x0000000008005968                HAL_RCC_OscConfig
 .text.HAL_RCC_ClockConfig
                0x0000000008005e58      0x1cc ./Drivers/STM32F4xx_HAL_Driver/Src/stm32f4xx_hal_rcc.o
                0x0000000008005e58                HAL_RCC_ClockConfig
 .text.HAL_RCC_GetSysClockFreq
                0x0000000008006024      0x1c4 ./Drivers/STM32F4xx_HAL_Driver/Src/stm32f4xx_hal_rcc.o
                0x0000000008006024                HAL_RCC_GetSysClockFreq
 .text.HAL_RCC_GetHCLKFreq
                0x00000000080061e8       0x18 ./Drivers/STM32F4xx_HAL_Driver/Src/stm32f4xx_hal_rcc.o
                0x00000000080061e8                HAL_RCC_GetHCLKFreq
 .text.HAL_RCC_GetPCLK1Freq
                0x0000000008006200       0x28 ./Drivers/STM32F4xx_HAL_Driver/Src/stm32f4xx_hal_rcc.o
                0x0000000008006200                HAL_RCC_GetPCLK1Freq
 .text.HAL_RCC_GetPCLK2Freq
                0x0000000008006228       0x28 ./Drivers/STM32F4xx_HAL_Driver/Src/stm32f4xx_hal_rcc.o
                0x0000000008006228                HAL_RCC_GetPCLK2Freq
 .text.HAL_SPI_Init
                0x0000000008006250      0x112 ./Drivers/STM32F4xx_HAL_Driver/Src/stm32f4xx_hal_spi.o
                0x0000000008006250                HAL_SPI_Init
 .text.HAL_SPI_Transmit
                0x0000000008006362      0x278 ./Drivers/STM32F4xx_HAL_Driver/Src/stm32f4xx_hal_spi.o
                0x0000000008006362                HAL_SPI_Transmit
 .text.HAL_SPI_Receive
                0x00000000080065da      0x222 ./Drivers/STM32F4xx_HAL_Driver/Src/stm32f4xx_hal_spi.o
                0x00000000080065da                HAL_SPI_Receive
 .text.HAL_SPI_TransmitReceive
                0x00000000080067fc      0x344 ./Drivers/STM32F4xx_HAL_Driver/Src/stm32f4xx_hal_spi.o
                0x00000000080067fc                HAL_SPI_TransmitReceive
 .text.SPI_WaitFlagStateUntilTimeout
                0x0000000008006b40      0x110 ./Drivers/STM32F4xx_HAL_Driver/Src/stm32f4xx_hal_spi.o
 .text.SPI_EndRxTransaction
                0x0000000008006c50       0xca ./Drivers/STM32F4xx_HAL_Driver/Src/stm32f4xx_hal_spi.o
 *fill*         0x0000000008006d1a        0x2 
 .text.SPI_EndRxTxTransaction
                0x0000000008006d1c       0x84 ./Drivers/STM32F4xx_HAL_Driver/Src/stm32f4xx_hal_spi.o
 .text.HAL_SRAM_Init
                0x0000000008006da0       0x88 ./Drivers/STM32F4xx_HAL_Driver/Src/stm32f4xx_hal_sram.o
                0x0000000008006da0                HAL_SRAM_Init
 .text.HAL_TIM_Base_Init
                0x0000000008006e28       0x9e ./Drivers/STM32F4xx_HAL_Driver/Src/stm32f4xx_hal_tim.o
                0x0000000008006e28                HAL_TIM_Base_Init
 *fill*         0x0000000008006ec6        0x2 
 .text.HAL_TIM_Base_Start_IT
                0x0000000008006ec8       0xe0 ./Drivers/STM32F4xx_HAL_Driver/Src/stm32f4xx_hal_tim.o
                0x0000000008006ec8                HAL_TIM_Base_Start_IT
 .text.HAL_TIM_PWM_Init
                0x0000000008006fa8       0x9e ./Drivers/STM32F4xx_HAL_Driver/Src/stm32f4xx_hal_tim.o
                0x0000000008006fa8                HAL_TIM_PWM_Init
 .text.HAL_TIM_PWM_MspInit
                0x0000000008007046       0x14 ./Drivers/STM32F4xx_HAL_Driver/Src/stm32f4xx_hal_tim.o
                0x0000000008007046                HAL_TIM_PWM_MspInit
 *fill*         0x000000000800705a        0x2 
 .text.HAL_TIM_PWM_Start
                0x000000000800705c      0x190 ./Drivers/STM32F4xx_HAL_Driver/Src/stm32f4xx_hal_tim.o
                0x000000000800705c                HAL_TIM_PWM_Start
 .text.HAL_TIM_IRQHandler
                0x00000000080071ec      0x210 ./Drivers/STM32F4xx_HAL_Driver/Src/stm32f4xx_hal_tim.o
                0x00000000080071ec                HAL_TIM_IRQHandler
 .text.HAL_TIM_PWM_ConfigChannel
                0x00000000080073fc      0x184 ./Drivers/STM32F4xx_HAL_Driver/Src/stm32f4xx_hal_tim.o
                0x00000000080073fc                HAL_TIM_PWM_ConfigChannel
 .text.HAL_TIM_ConfigClockSource
                0x0000000008007580      0x18e ./Drivers/STM32F4xx_HAL_Driver/Src/stm32f4xx_hal_tim.o
                0x0000000008007580                HAL_TIM_ConfigClockSource
 .text.HAL_TIM_OC_DelayElapsedCallback
                0x000000000800770e       0x14 ./Drivers/STM32F4xx_HAL_Driver/Src/stm32f4xx_hal_tim.o
                0x000000000800770e                HAL_TIM_OC_DelayElapsedCallback
 .text.HAL_TIM_IC_CaptureCallback
                0x0000000008007722       0x14 ./Drivers/STM32F4xx_HAL_Driver/Src/stm32f4xx_hal_tim.o
                0x0000000008007722                HAL_TIM_IC_CaptureCallback
 .text.HAL_TIM_PWM_PulseFinishedCallback
                0x0000000008007736       0x14 ./Drivers/STM32F4xx_HAL_Driver/Src/stm32f4xx_hal_tim.o
                0x0000000008007736                HAL_TIM_PWM_PulseFinishedCallback
 .text.HAL_TIM_TriggerCallback
                0x000000000800774a       0x14 ./Drivers/STM32F4xx_HAL_Driver/Src/stm32f4xx_hal_tim.o
                0x000000000800774a                HAL_TIM_TriggerCallback
 *fill*         0x000000000800775e        0x2 
 .text.TIM_Base_SetConfig
                0x0000000008007760      0x140 ./Drivers/STM32F4xx_HAL_Driver/Src/stm32f4xx_hal_tim.o
                0x0000000008007760                TIM_Base_SetConfig
 .text.TIM_OC1_SetConfig
                0x00000000080078a0       0xe0 ./Drivers/STM32F4xx_HAL_Driver/Src/stm32f4xx_hal_tim.o
 .text.TIM_OC2_SetConfig
                0x0000000008007980       0xec ./Drivers/STM32F4xx_HAL_Driver/Src/stm32f4xx_hal_tim.o
                0x0000000008007980                TIM_OC2_SetConfig
 .text.TIM_OC3_SetConfig
                0x0000000008007a6c       0xe8 ./Drivers/STM32F4xx_HAL_Driver/Src/stm32f4xx_hal_tim.o
 .text.TIM_OC4_SetConfig
                0x0000000008007b54       0xac ./Drivers/STM32F4xx_HAL_Driver/Src/stm32f4xx_hal_tim.o
 .text.TIM_TI1_ConfigInputStage
                0x0000000008007c00       0x5e ./Drivers/STM32F4xx_HAL_Driver/Src/stm32f4xx_hal_tim.o
 .text.TIM_TI2_ConfigInputStage
                0x0000000008007c5e       0x60 ./Drivers/STM32F4xx_HAL_Driver/Src/stm32f4xx_hal_tim.o
 .text.TIM_ITRx_SetConfig
                0x0000000008007cbe       0x36 ./Drivers/STM32F4xx_HAL_Driver/Src/stm32f4xx_hal_tim.o
 .text.TIM_ETR_SetConfig
                0x0000000008007cf4       0x40 ./Drivers/STM32F4xx_HAL_Driver/Src/stm32f4xx_hal_tim.o
                0x0000000008007cf4                TIM_ETR_SetConfig
 .text.TIM_CCxChannelCmd
                0x0000000008007d34       0x4a ./Drivers/STM32F4xx_HAL_Driver/Src/stm32f4xx_hal_tim.o
                0x0000000008007d34                TIM_CCxChannelCmd
 *fill*         0x0000000008007d7e        0x2 
 .text.HAL_TIMEx_MasterConfigSynchronization
                0x0000000008007d80       0xf8 ./Drivers/STM32F4xx_HAL_Driver/Src/stm32f4xx_hal_tim_ex.o
                0x0000000008007d80                HAL_TIMEx_MasterConfigSynchronization
 .text.HAL_TIMEx_CommutCallback
                0x0000000008007e78       0x14 ./Drivers/STM32F4xx_HAL_Driver/Src/stm32f4xx_hal_tim_ex.o
                0x0000000008007e78                HAL_TIMEx_CommutCallback
 .text.HAL_TIMEx_BreakCallback
                0x0000000008007e8c       0x14 ./Drivers/STM32F4xx_HAL_Driver/Src/stm32f4xx_hal_tim_ex.o
                0x0000000008007e8c                HAL_TIMEx_BreakCallback
 .text.HAL_UART_Init
                0x0000000008007ea0       0x9a ./Drivers/STM32F4xx_HAL_Driver/Src/stm32f4xx_hal_uart.o
                0x0000000008007ea0                HAL_UART_Init
 .text.HAL_UART_Transmit
                0x0000000008007f3a      0x124 ./Drivers/STM32F4xx_HAL_Driver/Src/stm32f4xx_hal_uart.o
                0x0000000008007f3a                HAL_UART_Transmit
 .text.HAL_UART_Receive_IT
                0x000000000800805e       0x60 ./Drivers/STM32F4xx_HAL_Driver/Src/stm32f4xx_hal_uart.o
                0x000000000800805e                HAL_UART_Receive_IT
 *fill*         0x00000000080080be        0x2 
 .text.HAL_UART_IRQHandler
                0x00000000080080c0      0x51c ./Drivers/STM32F4xx_HAL_Driver/Src/stm32f4xx_hal_uart.o
                0x00000000080080c0                HAL_UART_IRQHandler
 .text.HAL_UART_TxCpltCallback
                0x00000000080085dc       0x14 ./Drivers/STM32F4xx_HAL_Driver/Src/stm32f4xx_hal_uart.o
                0x00000000080085dc                HAL_UART_TxCpltCallback
 .text.HAL_UART_ErrorCallback
                0x00000000080085f0       0x14 ./Drivers/STM32F4xx_HAL_Driver/Src/stm32f4xx_hal_uart.o
                0x00000000080085f0                HAL_UART_ErrorCallback
 .text.HAL_UARTEx_RxEventCallback
                0x0000000008008604       0x18 ./Drivers/STM32F4xx_HAL_Driver/Src/stm32f4xx_hal_uart.o
                0x0000000008008604                HAL_UARTEx_RxEventCallback
 .text.UART_WaitOnFlagUntilTimeout
                0x000000000800861c       0xdc ./Drivers/STM32F4xx_HAL_Driver/Src/stm32f4xx_hal_uart.o
 .text.UART_Start_Receive_IT
                0x00000000080086f8       0x74 ./Drivers/STM32F4xx_HAL_Driver/Src/stm32f4xx_hal_uart.o
                0x00000000080086f8                UART_Start_Receive_IT
 .text.UART_EndRxTransfer
                0x000000000800876c       0xc6 ./Drivers/STM32F4xx_HAL_Driver/Src/stm32f4xx_hal_uart.o
 .text.UART_DMAAbortOnError
                0x0000000008008832       0x28 ./Drivers/STM32F4xx_HAL_Driver/Src/stm32f4xx_hal_uart.o
 .text.UART_Transmit_IT
                0x000000000800885a       0xa0 ./Drivers/STM32F4xx_HAL_Driver/Src/stm32f4xx_hal_uart.o
 .text.UART_EndTransmit_IT
                0x00000000080088fa       0x30 ./Drivers/STM32F4xx_HAL_Driver/Src/stm32f4xx_hal_uart.o
 .text.UART_Receive_IT
                0x000000000800892a      0x176 ./Drivers/STM32F4xx_HAL_Driver/Src/stm32f4xx_hal_uart.o
 .text.UART_SetConfig
                0x0000000008008aa0      0x390 ./Drivers/STM32F4xx_HAL_Driver/Src/stm32f4xx_hal_uart.o
 .text.FSMC_NORSRAM_Init
                0x0000000008008e30       0xa4 ./Drivers/STM32F4xx_HAL_Driver/Src/stm32f4xx_ll_fsmc.o
                0x0000000008008e30                FSMC_NORSRAM_Init
 .text.FSMC_NORSRAM_Timing_Init
                0x0000000008008ed4       0x7a ./Drivers/STM32F4xx_HAL_Driver/Src/stm32f4xx_ll_fsmc.o
                0x0000000008008ed4                FSMC_NORSRAM_Timing_Init
 *fill*         0x0000000008008f4e        0x2 
 .text.FSMC_NORSRAM_Extended_Timing_Init
                0x0000000008008f50       0x80 ./Drivers/STM32F4xx_HAL_Driver/Src/stm32f4xx_ll_fsmc.o
                0x0000000008008f50                FSMC_NORSRAM_Extended_Timing_Init
 .text.__errno  0x0000000008008fd0        0xc c:/st/stm32cubeide_1.7.0/stm32cubeide/plugins/com.st.stm32cube.ide.mcu.externaltools.gnu-tools-for-stm32.9-2020-q2-update.win32_2.0.0.202105311346/tools/bin/../lib/gcc/arm-none-eabi/9.3.1/../../../../arm-none-eabi/lib/thumb/v7e-m+fp/hard\libc_nano.a(lib_a-errno.o)
                0x0000000008008fd0                __errno
 .text.__libc_init_array
                0x0000000008008fdc       0x48 c:/st/stm32cubeide_1.7.0/stm32cubeide/plugins/com.st.stm32cube.ide.mcu.externaltools.gnu-tools-for-stm32.9-2020-q2-update.win32_2.0.0.202105311346/tools/bin/../lib/gcc/arm-none-eabi/9.3.1/../../../../arm-none-eabi/lib/thumb/v7e-m+fp/hard\libc_nano.a(lib_a-init.o)
                0x0000000008008fdc                __libc_init_array
 .text.memset   0x0000000008009024       0x10 c:/st/stm32cubeide_1.7.0/stm32cubeide/plugins/com.st.stm32cube.ide.mcu.externaltools.gnu-tools-for-stm32.9-2020-q2-update.win32_2.0.0.202105311346/tools/bin/../lib/gcc/arm-none-eabi/9.3.1/../../../../arm-none-eabi/lib/thumb/v7e-m+fp/hard\libc_nano.a(lib_a-memset.o)
                0x0000000008009024                memset
 .text.sprintf  0x0000000008009034       0x40 c:/st/stm32cubeide_1.7.0/stm32cubeide/plugins/com.st.stm32cube.ide.mcu.externaltools.gnu-tools-for-stm32.9-2020-q2-update.win32_2.0.0.202105311346/tools/bin/../lib/gcc/arm-none-eabi/9.3.1/../../../../arm-none-eabi/lib/thumb/v7e-m+fp/hard\libc_nano.a(lib_a-sprintf.o)
                0x0000000008009034                siprintf
                0x0000000008009034                sprintf
 .text.__ssputs_r
                0x0000000008009074       0xb6 c:/st/stm32cubeide_1.7.0/stm32cubeide/plugins/com.st.stm32cube.ide.mcu.externaltools.gnu-tools-for-stm32.9-2020-q2-update.win32_2.0.0.202105311346/tools/bin/../lib/gcc/arm-none-eabi/9.3.1/../../../../arm-none-eabi/lib/thumb/v7e-m+fp/hard\libc_nano.a(lib_a-nano-svfprintf.o)
                0x0000000008009074                __ssputs_r
 *fill*         0x000000000800912a        0x2 
 .text._svfprintf_r
                0x000000000800912c      0x200 c:/st/stm32cubeide_1.7.0/stm32cubeide/plugins/com.st.stm32cube.ide.mcu.externaltools.gnu-tools-for-stm32.9-2020-q2-update.win32_2.0.0.202105311346/tools/bin/../lib/gcc/arm-none-eabi/9.3.1/../../../../arm-none-eabi/lib/thumb/v7e-m+fp/hard\libc_nano.a(lib_a-nano-svfprintf.o)
                0x000000000800912c                _svfiprintf_r
                0x000000000800912c                _svfprintf_r
 .text._printf_common
                0x000000000800932c       0xda c:/st/stm32cubeide_1.7.0/stm32cubeide/plugins/com.st.stm32cube.ide.mcu.externaltools.gnu-tools-for-stm32.9-2020-q2-update.win32_2.0.0.202105311346/tools/bin/../lib/gcc/arm-none-eabi/9.3.1/../../../../arm-none-eabi/lib/thumb/v7e-m+fp/hard\libc_nano.a(lib_a-nano-vfprintf_i.o)
                0x000000000800932c                _printf_common
 *fill*         0x0000000008009406        0x2 
 .text._printf_i
                0x0000000008009408      0x24c c:/st/stm32cubeide_1.7.0/stm32cubeide/plugins/com.st.stm32cube.ide.mcu.externaltools.gnu-tools-for-stm32.9-2020-q2-update.win32_2.0.0.202105311346/tools/bin/../lib/gcc/arm-none-eabi/9.3.1/../../../../arm-none-eabi/lib/thumb/v7e-m+fp/hard\libc_nano.a(lib_a-nano-vfprintf_i.o)
                0x0000000008009408                _printf_i
 .text.memcpy   0x0000000008009654       0x1c c:/st/stm32cubeide_1.7.0/stm32cubeide/plugins/com.st.stm32cube.ide.mcu.externaltools.gnu-tools-for-stm32.9-2020-q2-update.win32_2.0.0.202105311346/tools/bin/../lib/gcc/arm-none-eabi/9.3.1/../../../../arm-none-eabi/lib/thumb/v7e-m+fp/hard\libc_nano.a(lib_a-memcpy-stub.o)
                0x0000000008009654                memcpy
 .text.memmove  0x0000000008009670       0x34 c:/st/stm32cubeide_1.7.0/stm32cubeide/plugins/com.st.stm32cube.ide.mcu.externaltools.gnu-tools-for-stm32.9-2020-q2-update.win32_2.0.0.202105311346/tools/bin/../lib/gcc/arm-none-eabi/9.3.1/../../../../arm-none-eabi/lib/thumb/v7e-m+fp/hard\libc_nano.a(lib_a-memmove.o)
                0x0000000008009670                memmove
 .text._free_r  0x00000000080096a4       0xa0 c:/st/stm32cubeide_1.7.0/stm32cubeide/plugins/com.st.stm32cube.ide.mcu.externaltools.gnu-tools-for-stm32.9-2020-q2-update.win32_2.0.0.202105311346/tools/bin/../lib/gcc/arm-none-eabi/9.3.1/../../../../arm-none-eabi/lib/thumb/v7e-m+fp/hard\libc_nano.a(lib_a-nano-freer.o)
                0x00000000080096a4                _free_r
 .text._malloc_r
                0x0000000008009744       0xb4 c:/st/stm32cubeide_1.7.0/stm32cubeide/plugins/com.st.stm32cube.ide.mcu.externaltools.gnu-tools-for-stm32.9-2020-q2-update.win32_2.0.0.202105311346/tools/bin/../lib/gcc/arm-none-eabi/9.3.1/../../../../arm-none-eabi/lib/thumb/v7e-m+fp/hard\libc_nano.a(lib_a-nano-mallocr.o)
                0x0000000008009744                _malloc_r
 .text._realloc_r
                0x00000000080097f8       0x4c c:/st/stm32cubeide_1.7.0/stm32cubeide/plugins/com.st.stm32cube.ide.mcu.externaltools.gnu-tools-for-stm32.9-2020-q2-update.win32_2.0.0.202105311346/tools/bin/../lib/gcc/arm-none-eabi/9.3.1/../../../../arm-none-eabi/lib/thumb/v7e-m+fp/hard\libc_nano.a(lib_a-nano-reallocr.o)
                0x00000000080097f8                _realloc_r
 .text._sbrk_r  0x0000000008009844       0x20 c:/st/stm32cubeide_1.7.0/stm32cubeide/plugins/com.st.stm32cube.ide.mcu.externaltools.gnu-tools-for-stm32.9-2020-q2-update.win32_2.0.0.202105311346/tools/bin/../lib/gcc/arm-none-eabi/9.3.1/../../../../arm-none-eabi/lib/thumb/v7e-m+fp/hard\libc_nano.a(lib_a-sbrkr.o)
                0x0000000008009844                _sbrk_r
 .text.__malloc_lock
                0x0000000008009864        0xc c:/st/stm32cubeide_1.7.0/stm32cubeide/plugins/com.st.stm32cube.ide.mcu.externaltools.gnu-tools-for-stm32.9-2020-q2-update.win32_2.0.0.202105311346/tools/bin/../lib/gcc/arm-none-eabi/9.3.1/../../../../arm-none-eabi/lib/thumb/v7e-m+fp/hard\libc_nano.a(lib_a-mlock.o)
                0x0000000008009864                __malloc_lock
 .text.__malloc_unlock
                0x0000000008009870        0xc c:/st/stm32cubeide_1.7.0/stm32cubeide/plugins/com.st.stm32cube.ide.mcu.externaltools.gnu-tools-for-stm32.9-2020-q2-update.win32_2.0.0.202105311346/tools/bin/../lib/gcc/arm-none-eabi/9.3.1/../../../../arm-none-eabi/lib/thumb/v7e-m+fp/hard\libc_nano.a(lib_a-mlock.o)
                0x0000000008009870                __malloc_unlock
 .text._malloc_usable_size_r
                0x000000000800987c       0x10 c:/st/stm32cubeide_1.7.0/stm32cubeide/plugins/com.st.stm32cube.ide.mcu.externaltools.gnu-tools-for-stm32.9-2020-q2-update.win32_2.0.0.202105311346/tools/bin/../lib/gcc/arm-none-eabi/9.3.1/../../../../arm-none-eabi/lib/thumb/v7e-m+fp/hard\libc_nano.a(lib_a-nano-msizer.o)
                0x000000000800987c                _malloc_usable_size_r
 .text.__retarget_lock_acquire_recursive
                0x000000000800988c        0x2 c:/st/stm32cubeide_1.7.0/stm32cubeide/plugins/com.st.stm32cube.ide.mcu.externaltools.gnu-tools-for-stm32.9-2020-q2-update.win32_2.0.0.202105311346/tools/bin/../lib/gcc/arm-none-eabi/9.3.1/../../../../arm-none-eabi/lib/thumb/v7e-m+fp/hard\libc_nano.a(lib_a-lock.o)
                0x000000000800988c                __retarget_lock_acquire_recursive
 .text.__retarget_lock_release_recursive
                0x000000000800988e        0x2 c:/st/stm32cubeide_1.7.0/stm32cubeide/plugins/com.st.stm32cube.ide.mcu.externaltools.gnu-tools-for-stm32.9-2020-q2-update.win32_2.0.0.202105311346/tools/bin/../lib/gcc/arm-none-eabi/9.3.1/../../../../arm-none-eabi/lib/thumb/v7e-m+fp/hard\libc_nano.a(lib_a-lock.o)
                0x000000000800988e                __retarget_lock_release_recursive
 *(.glue_7)
 .glue_7        0x0000000008009890        0x0 linker stubs
 *(.glue_7t)
 .glue_7t       0x0000000008009890        0x0 linker stubs
 *(.eh_frame)
 .eh_frame      0x0000000008009890        0x0 c:/st/stm32cubeide_1.7.0/stm32cubeide/plugins/com.st.stm32cube.ide.mcu.externaltools.gnu-tools-for-stm32.9-2020-q2-update.win32_2.0.0.202105311346/tools/bin/../lib/gcc/arm-none-eabi/9.3.1/thumb/v7e-m+fp/hard/crtbegin.o
 *(.init)
 .init          0x0000000008009890        0x4 c:/st/stm32cubeide_1.7.0/stm32cubeide/plugins/com.st.stm32cube.ide.mcu.externaltools.gnu-tools-for-stm32.9-2020-q2-update.win32_2.0.0.202105311346/tools/bin/../lib/gcc/arm-none-eabi/9.3.1/thumb/v7e-m+fp/hard/crti.o
                0x0000000008009890                _init
 .init          0x0000000008009894        0x8 c:/st/stm32cubeide_1.7.0/stm32cubeide/plugins/com.st.stm32cube.ide.mcu.externaltools.gnu-tools-for-stm32.9-2020-q2-update.win32_2.0.0.202105311346/tools/bin/../lib/gcc/arm-none-eabi/9.3.1/thumb/v7e-m+fp/hard/crtn.o
 *(.fini)
 .fini          0x000000000800989c        0x4 c:/st/stm32cubeide_1.7.0/stm32cubeide/plugins/com.st.stm32cube.ide.mcu.externaltools.gnu-tools-for-stm32.9-2020-q2-update.win32_2.0.0.202105311346/tools/bin/../lib/gcc/arm-none-eabi/9.3.1/thumb/v7e-m+fp/hard/crti.o
                0x000000000800989c                _fini
 .fini          0x00000000080098a0        0x8 c:/st/stm32cubeide_1.7.0/stm32cubeide/plugins/com.st.stm32cube.ide.mcu.externaltools.gnu-tools-for-stm32.9-2020-q2-update.win32_2.0.0.202105311346/tools/bin/../lib/gcc/arm-none-eabi/9.3.1/thumb/v7e-m+fp/hard/crtn.o
                0x00000000080098a8                . = ALIGN (0x4)
                0x00000000080098a8                _etext = .

.vfp11_veneer   0x00000000080098a8        0x0
 .vfp11_veneer  0x00000000080098a8        0x0 linker stubs

.v4_bx          0x00000000080098a8        0x0
 .v4_bx         0x00000000080098a8        0x0 linker stubs

.iplt           0x00000000080098a8        0x0
 .iplt          0x00000000080098a8        0x0 c:/st/stm32cubeide_1.7.0/stm32cubeide/plugins/com.st.stm32cube.ide.mcu.externaltools.gnu-tools-for-stm32.9-2020-q2-update.win32_2.0.0.202105311346/tools/bin/../lib/gcc/arm-none-eabi/9.3.1/thumb/v7e-m+fp/hard/crtbegin.o

.rodata         0x00000000080098a8     0x30cc
                0x00000000080098a8                . = ALIGN (0x4)
 *(.rodata)
 .rodata        0x00000000080098a8       0xe2 ./Core/Src/display.o
 *fill*         0x000000000800998a        0x2 
 .rodata        0x000000000800998c       0x12 ./Core/Src/uart.o
 *(.rodata*)
 *fill*         0x000000000800999e        0x2 
 .rodata.ascii_1608
                0x00000000080099a0      0x5f0 ./Core/Src/lcd.o
                0x00000000080099a0                ascii_1608
 .rodata.ascii_2412
                0x0000000008009f90     0x11d0 ./Core/Src/lcd.o
                0x0000000008009f90                ascii_2412
 .rodata.ascii_3216
                0x000000000800b160     0x17c0 ./Core/Src/lcd.o
                0x000000000800b160                ascii_3216
 .rodata.AHBPrescTable
                0x000000000800c920       0x10 ./Core/Src/system_stm32f4xx.o
                0x000000000800c920                AHBPrescTable
 .rodata.APBPrescTable
                0x000000000800c930        0x8 ./Core/Src/system_stm32f4xx.o
                0x000000000800c930                APBPrescTable
 .rodata.flagBitshiftOffset.9376
                0x000000000800c938        0x8 ./Drivers/STM32F4xx_HAL_Driver/Src/stm32f4xx_hal_dma.o
 .rodata._svfprintf_r.str1.1
                0x000000000800c940       0x11 c:/st/stm32cubeide_1.7.0/stm32cubeide/plugins/com.st.stm32cube.ide.mcu.externaltools.gnu-tools-for-stm32.9-2020-q2-update.win32_2.0.0.202105311346/tools/bin/../lib/gcc/arm-none-eabi/9.3.1/../../../../arm-none-eabi/lib/thumb/v7e-m+fp/hard\libc_nano.a(lib_a-nano-svfprintf.o)
 .rodata._printf_i.str1.1
                0x000000000800c951       0x22 c:/st/stm32cubeide_1.7.0/stm32cubeide/plugins/com.st.stm32cube.ide.mcu.externaltools.gnu-tools-for-stm32.9-2020-q2-update.win32_2.0.0.202105311346/tools/bin/../lib/gcc/arm-none-eabi/9.3.1/../../../../arm-none-eabi/lib/thumb/v7e-m+fp/hard\libc_nano.a(lib_a-nano-vfprintf_i.o)
                0x000000000800c974                . = ALIGN (0x4)
 *fill*         0x000000000800c973        0x1 

.ARM.extab      0x000000000800c974        0x0
                0x000000000800c974                . = ALIGN (0x4)
 *(.ARM.extab* .gnu.linkonce.armextab.*)
                0x000000000800c974                . = ALIGN (0x4)

.ARM            0x000000000800c974        0x8
                0x000000000800c974                . = ALIGN (0x4)
                0x000000000800c974                __exidx_start = .
 *(.ARM.exidx*)
 .ARM.exidx     0x000000000800c974        0x8 c:/st/stm32cubeide_1.7.0/stm32cubeide/plugins/com.st.stm32cube.ide.mcu.externaltools.gnu-tools-for-stm32.9-2020-q2-update.win32_2.0.0.202105311346/tools/bin/../lib/gcc/arm-none-eabi/9.3.1/thumb/v7e-m+fp/hard\libgcc.a(_udivmoddi4.o)
                0x000000000800c97c                __exidx_end = .
                0x000000000800c97c                . = ALIGN (0x4)

.rel.dyn        0x000000000800c97c        0x0
 .rel.iplt      0x000000000800c97c        0x0 c:/st/stm32cubeide_1.7.0/stm32cubeide/plugins/com.st.stm32cube.ide.mcu.externaltools.gnu-tools-for-stm32.9-2020-q2-update.win32_2.0.0.202105311346/tools/bin/../lib/gcc/arm-none-eabi/9.3.1/thumb/v7e-m+fp/hard/crtbegin.o

.preinit_array  0x000000000800c97c        0x0
                0x000000000800c97c                . = ALIGN (0x4)
                0x000000000800c97c                PROVIDE (__preinit_array_start = .)
 *(.preinit_array*)
                0x000000000800c97c                PROVIDE (__preinit_array_end = .)
                0x000000000800c97c                . = ALIGN (0x4)

.init_array     0x000000000800c97c        0x4
                0x000000000800c97c                . = ALIGN (0x4)
                0x000000000800c97c                PROVIDE (__init_array_start = .)
 *(SORT_BY_NAME(.init_array.*))
 *(.init_array*)
 .init_array    0x000000000800c97c        0x4 c:/st/stm32cubeide_1.7.0/stm32cubeide/plugins/com.st.stm32cube.ide.mcu.externaltools.gnu-tools-for-stm32.9-2020-q2-update.win32_2.0.0.202105311346/tools/bin/../lib/gcc/arm-none-eabi/9.3.1/thumb/v7e-m+fp/hard/crtbegin.o
                0x000000000800c980                PROVIDE (__init_array_end = .)
                0x000000000800c980                . = ALIGN (0x4)

.fini_array     0x000000000800c980        0x4
                0x000000000800c980                . = ALIGN (0x4)
                [!provide]                        PROVIDE (__fini_array_start = .)
 *(SORT_BY_NAME(.fini_array.*))
 *(.fini_array*)
 .fini_array    0x000000000800c980        0x4 c:/st/stm32cubeide_1.7.0/stm32cubeide/plugins/com.st.stm32cube.ide.mcu.externaltools.gnu-tools-for-stm32.9-2020-q2-update.win32_2.0.0.202105311346/tools/bin/../lib/gcc/arm-none-eabi/9.3.1/thumb/v7e-m+fp/hard/crtbegin.o
                [!provide]                        PROVIDE (__fini_array_end = .)
                0x000000000800c984                . = ALIGN (0x4)
                0x000000000800c984                _sidata = LOADADDR (.data)

.data           0x0000000020000000       0x80 load address 0x000000000800c984
                0x0000000020000000                . = ALIGN (0x4)
                0x0000000020000000                _sdata = .
 *(.data)
 *(.data*)
 .data.led7seg  0x0000000020000000        0x4 ./Core/Src/led_7seg.o
                0x0000000020000000                led7seg
 .data.arrayOfNum
                0x0000000020000004        0xa ./Core/Src/led_7seg.o
                0x0000000020000004                arrayOfNum
 .data.spi_buffer
                0x000000002000000e        0x2 ./Core/Src/led_7seg.o
                0x000000002000000e                spi_buffer
 .data.SystemCoreClock
                0x0000000020000010        0x4 ./Core/Src/system_stm32f4xx.o
                0x0000000020000010                SystemCoreClock
 .data.uwTickPrio
                0x0000000020000014        0x4 ./Drivers/STM32F4xx_HAL_Driver/Src/stm32f4xx_hal.o
                0x0000000020000014                uwTickPrio
 .data.uwTickFreq
                0x0000000020000018        0x1 ./Drivers/STM32F4xx_HAL_Driver/Src/stm32f4xx_hal.o
                0x0000000020000018                uwTickFreq
 *fill*         0x0000000020000019        0x3 
 .data._impure_ptr
                0x000000002000001c        0x4 c:/st/stm32cubeide_1.7.0/stm32cubeide/plugins/com.st.stm32cube.ide.mcu.externaltools.gnu-tools-for-stm32.9-2020-q2-update.win32_2.0.0.202105311346/tools/bin/../lib/gcc/arm-none-eabi/9.3.1/../../../../arm-none-eabi/lib/thumb/v7e-m+fp/hard\libc_nano.a(lib_a-impure.o)
                0x000000002000001c                _impure_ptr
 .data.impure_data
                0x0000000020000020       0x60 c:/st/stm32cubeide_1.7.0/stm32cubeide/plugins/com.st.stm32cube.ide.mcu.externaltools.gnu-tools-for-stm32.9-2020-q2-update.win32_2.0.0.202105311346/tools/bin/../lib/gcc/arm-none-eabi/9.3.1/../../../../arm-none-eabi/lib/thumb/v7e-m+fp/hard\libc_nano.a(lib_a-impure.o)
 *(.RamFunc)
 *(.RamFunc*)
                0x0000000020000080                . = ALIGN (0x4)
                0x0000000020000080                _edata = .
                0x000000000800ca04                _siccmram = LOADADDR (.ccmram)

.igot.plt       0x0000000020000080        0x0 load address 0x000000000800ca04
 .igot.plt      0x0000000020000080        0x0 c:/st/stm32cubeide_1.7.0/stm32cubeide/plugins/com.st.stm32cube.ide.mcu.externaltools.gnu-tools-for-stm32.9-2020-q2-update.win32_2.0.0.202105311346/tools/bin/../lib/gcc/arm-none-eabi/9.3.1/thumb/v7e-m+fp/hard/crtbegin.o

.ccmram         0x0000000010000000        0x0 load address 0x000000000800ca04
                0x0000000010000000                . = ALIGN (0x4)
                0x0000000010000000                _sccmram = .
 *(.ccmram)
 *(.ccmram*)
                0x0000000010000000                . = ALIGN (0x4)
                0x0000000010000000                _eccmram = .
                0x0000000010000000                . = ALIGN (0x4)

.bss            0x0000000020000080      0x3fc
                0x0000000020000080                _sbss = .
                0x0000000020000080                __bss_start__ = _sbss
 *(.bss)
 .bss           0x0000000020000080       0x1c c:/st/stm32cubeide_1.7.0/stm32cubeide/plugins/com.st.stm32cube.ide.mcu.externaltools.gnu-tools-for-stm32.9-2020-q2-update.win32_2.0.0.202105311346/tools/bin/../lib/gcc/arm-none-eabi/9.3.1/thumb/v7e-m+fp/hard/crtbegin.o
 *(.bss*)
 .bss.spi_button
                0x000000002000009c        0x2 ./Core/Src/button.o
                0x000000002000009c                spi_button
 .bss.duty_cycle
                0x000000002000009e        0x1 ./Core/Src/buzzer.o
                0x000000002000009e                duty_cycle
 *fill*         0x000000002000009f        0x1 
 .bss.power_mW  0x00000000200000a0        0x4 ./Core/Src/display.o
 .bss.temperature
                0x00000000200000a4        0x4 ./Core/Src/display.o
 .bss.light_adc
                0x00000000200000a8        0x2 ./Core/Src/display.o
 .bss.pot_adc   0x00000000200000aa        0x2 ./Core/Src/display.o
 .bss.humidity  0x00000000200000ac        0x1 ./Core/Src/display.o
 *fill*         0x00000000200000ad        0x3 
 .bss.light_status_str
                0x00000000200000b0        0x4 ./Core/Src/display.o
 .bss.last_update_tick
                0x00000000200000b4        0x4 ./Core/Src/display.o
 .bss.last_alarm_tick
                0x00000000200000b8        0x4 ./Core/Src/display.o
 .bss.last_led7_scan_tick
                0x00000000200000bc        0x4 ./Core/Src/display.o
 .bss.last_graph_sample_tick
                0x00000000200000c0        0x4 ./Core/Src/display.o
 .bss.alarm_active
                0x00000000200000c4        0x1 ./Core/Src/display.o
 .bss.buzzer_state
                0x00000000200000c5        0x1 ./Core/Src/display.o
 .bss.colon_state
                0x00000000200000c6        0x1 ./Core/Src/display.o
 *fill*         0x00000000200000c7        0x1 
 .bss.power_history
                0x00000000200000c8       0x2c ./Core/Src/display.o
 .bss.FSMC_Initialized
                0x00000000200000f4        0x4 ./Core/Src/fsmc.o
 .bss.led7_index
                0x00000000200000f8        0x4 ./Core/Src/led_7seg.o
                0x00000000200000f8                led7_index
 .bss.flag_timer2
                0x00000000200000fc        0x2 ./Core/Src/software_timer.o
                0x00000000200000fc                flag_timer2
 .bss.timer2_counter
                0x00000000200000fe        0x2 ./Core/Src/software_timer.o
                0x00000000200000fe                timer2_counter
 .bss.timer2_MUL
                0x0000000020000100        0x2 ./Core/Src/software_timer.o
                0x0000000020000100                timer2_MUL
 *fill*         0x0000000020000102        0x2 
 .bss.__sbrk_heap_end
                0x0000000020000104        0x4 ./Core/Src/sysmem.o
 .bss.receive_buffer1
                0x0000000020000108        0x1 ./Core/Src/uart.o
                0x0000000020000108                receive_buffer1
 *fill*         0x0000000020000109        0x3 
 .bss.__malloc_free_list
                0x000000002000010c        0x4 c:/st/stm32cubeide_1.7.0/stm32cubeide/plugins/com.st.stm32cube.ide.mcu.externaltools.gnu-tools-for-stm32.9-2020-q2-update.win32_2.0.0.202105311346/tools/bin/../lib/gcc/arm-none-eabi/9.3.1/../../../../arm-none-eabi/lib/thumb/v7e-m+fp/hard\libc_nano.a(lib_a-nano-mallocr.o)
                0x000000002000010c                __malloc_free_list
 .bss.__malloc_sbrk_start
                0x0000000020000110        0x4 c:/st/stm32cubeide_1.7.0/stm32cubeide/plugins/com.st.stm32cube.ide.mcu.externaltools.gnu-tools-for-stm32.9-2020-q2-update.win32_2.0.0.202105311346/tools/bin/../lib/gcc/arm-none-eabi/9.3.1/../../../../arm-none-eabi/lib/thumb/v7e-m+fp/hard\libc_nano.a(lib_a-nano-mallocr.o)
                0x0000000020000110                __malloc_sbrk_start
 *(COMMON)
 COMMON         0x0000000020000114       0xa8 ./Core/Src/adc.o
                0x0000000020000114                hadc1
                0x000000002000015c                hdma_adc1
 COMMON         0x00000000200001bc       0x20 ./Core/Src/button.o
                0x00000000200001bc                button_count
 COMMON         0x00000000200001dc        0xf ./Core/Src/ds3231.o
                0x00000000200001dc                ds3231_sec
                0x00000000200001dd                ds3231_year
                0x00000000200001de                ds3231_min
                0x00000000200001df                ds3231_date
                0x00000000200001e0                ds3231_day
                0x00000000200001e1                ds3231_hours
                0x00000000200001e2                ds3231_month
                0x00000000200001e4                ds3231_buffer
 *fill*         0x00000000200001eb        0x1 
 COMMON         0x00000000200001ec       0x50 ./Core/Src/fsmc.o
                0x00000000200001ec                hsram1
 COMMON         0x000000002000023c       0x54 ./Core/Src/i2c.o
                0x000000002000023c                hi2c1
 COMMON         0x0000000020000290       0x3a ./Core/Src/lcd.o
                0x0000000020000290                lcddev
                0x0000000020000298                s
 *fill*         0x00000000200002ca        0x2 
 COMMON         0x00000000200002cc        0xa ./Core/Src/sensor.o
                0x00000000200002cc                adc_receive
 *fill*         0x00000000200002d6        0x2 
 COMMON         0x00000000200002d8       0x58 ./Core/Src/spi.o
                0x00000000200002d8                hspi1
 COMMON         0x0000000020000330       0x90 ./Core/Src/tim.o
                0x0000000020000330                htim13
                0x0000000020000378                htim2
 COMMON         0x00000000200003c0       0x64 ./Core/Src/uart.o
                0x00000000200003c0                msg
 COMMON         0x0000000020000424       0x44 ./Core/Src/usart.o
                0x0000000020000424                huart1
 COMMON         0x0000000020000468        0x4 ./Drivers/STM32F4xx_HAL_Driver/Src/stm32f4xx_hal.o
                0x0000000020000468                uwTick
 COMMON         0x000000002000046c        0x4 c:/st/stm32cubeide_1.7.0/stm32cubeide/plugins/com.st.stm32cube.ide.mcu.externaltools.gnu-tools-for-stm32.9-2020-q2-update.win32_2.0.0.202105311346/tools/bin/../lib/gcc/arm-none-eabi/9.3.1/../../../../arm-none-eabi/lib/thumb/v7e-m+fp/hard\libc_nano.a(lib_a-reent.o)
                0x000000002000046c                errno
 COMMON         0x0000000020000470        0x9 c:/st/stm32cubeide_1.7.0/stm32cubeide/plugins/com.st.stm32cube.ide.mcu.externaltools.gnu-tools-for-stm32.9-2020-q2-update.win32_2.0.0.202105311346/tools/bin/../lib/gcc/arm-none-eabi/9.3.1/../../../../arm-none-eabi/lib/thumb/v7e-m+fp/hard\libc_nano.a(lib_a-lock.o)
                0x0000000020000470                __lock___atexit_recursive_mutex
                0x0000000020000471                __lock___arc4random_mutex
                0x0000000020000472                __lock___env_recursive_mutex
                0x0000000020000473                __lock___sinit_recursive_mutex
                0x0000000020000474                __lock___malloc_recursive_mutex
                0x0000000020000475                __lock___at_quick_exit_mutex
                0x0000000020000476                __lock___dd_hash_mutex
                0x0000000020000477                __lock___tz_mutex
                0x0000000020000478                __lock___sfp_recursive_mutex
                0x000000002000047c                . = ALIGN (0x4)
 *fill*         0x0000000020000479        0x3 
                0x000000002000047c                _ebss = .
                0x000000002000047c                __bss_end__ = _ebss

._user_heap_stack
                0x000000002000047c      0x604
                0x0000000020000480                . = ALIGN (0x8)
 *fill*         0x000000002000047c        0x4 
                [!provide]                        PROVIDE (end = .)
                0x0000000020000480                PROVIDE (_end = .)
                0x0000000020000680                . = (. + _Min_Heap_Size)
 *fill*         0x0000000020000480      0x200 
                0x0000000020000a80                . = (. + _Min_Stack_Size)
 *fill*         0x0000000020000680      0x400 
                0x0000000020000a80                . = ALIGN (0x8)

/DISCARD/
 libc.a(*)
 libm.a(*)
 libgcc.a(*)

.ARM.attributes
                0x0000000000000000       0x30
 *(.ARM.attributes)
 .ARM.attributes
                0x0000000000000000       0x1e c:/st/stm32cubeide_1.7.0/stm32cubeide/plugins/com.st.stm32cube.ide.mcu.externaltools.gnu-tools-for-stm32.9-2020-q2-update.win32_2.0.0.202105311346/tools/bin/../lib/gcc/arm-none-eabi/9.3.1/thumb/v7e-m+fp/hard/crti.o
 .ARM.attributes
                0x000000000000001e       0x34 c:/st/stm32cubeide_1.7.0/stm32cubeide/plugins/com.st.stm32cube.ide.mcu.externaltools.gnu-tools-for-stm32.9-2020-q2-update.win32_2.0.0.202105311346/tools/bin/../lib/gcc/arm-none-eabi/9.3.1/thumb/v7e-m+fp/hard/crtbegin.o
 .ARM.attributes
                0x0000000000000052       0x34 ./Core/Src/adc.o
 .ARM.attributes
                0x0000000000000086       0x34 ./Core/Src/button.o
 .ARM.attributes
                0x00000000000000ba       0x34 ./Core/Src/buzzer.o
 .ARM.attributes
                0x00000000000000ee       0x34 ./Core/Src/display.o
 .ARM.attributes
                0x0000000000000122       0x34 ./Core/Src/dma.o
 .ARM.attributes
                0x0000000000000156       0x34 ./Core/Src/ds3231.o
 .ARM.attributes
                0x000000000000018a       0x34 ./Core/Src/fsmc.o
 .ARM.attributes
                0x00000000000001be       0x34 ./Core/Src/gpio.o
 .ARM.attributes
                0x00000000000001f2       0x34 ./Core/Src/i2c.o
 .ARM.attributes
                0x0000000000000226       0x34 ./Core/Src/lcd.o
 .ARM.attributes
                0x000000000000025a       0x34 ./Core/Src/led_7seg.o
 .ARM.attributes
                0x000000000000028e       0x34 ./Core/Src/main.o
 .ARM.attributes
                0x00000000000002c2       0x34 ./Core/Src/sensor.o
 .ARM.attributes
                0x00000000000002f6       0x34 ./Core/Src/software_timer.o
 .ARM.attributes
                0x000000000000032a       0x34 ./Core/Src/spi.o
 .ARM.attributes
                0x000000000000035e       0x34 ./Core/Src/stm32f4xx_hal_msp.o
 .ARM.attributes
                0x0000000000000392       0x34 ./Core/Src/stm32f4xx_it.o
 .ARM.attributes
                0x00000000000003c6       0x34 ./Core/Src/sysmem.o
 .ARM.attributes
                0x00000000000003fa       0x34 ./Core/Src/system_stm32f4xx.o
 .ARM.attributes
                0x000000000000042e       0x34 ./Core/Src/tim.o
 .ARM.attributes
                0x0000000000000462       0x34 ./Core/Src/uart.o
 .ARM.attributes
                0x0000000000000496       0x34 ./Core/Src/usart.o
 .ARM.attributes
                0x00000000000004ca       0x34 ./Core/Src/utils.o
 .ARM.attributes
                0x00000000000004fe       0x21 ./Core/Startup/startup_stm32f407zetx.o
 .ARM.attributes
                0x000000000000051f       0x34 ./Drivers/STM32F4xx_HAL_Driver/Src/stm32f4xx_hal.o
 .ARM.attributes
                0x0000000000000553       0x34 ./Drivers/STM32F4xx_HAL_Driver/Src/stm32f4xx_hal_adc.o
 .ARM.attributes
                0x0000000000000587       0x34 ./Drivers/STM32F4xx_HAL_Driver/Src/stm32f4xx_hal_cortex.o
 .ARM.attributes
                0x00000000000005bb       0x34 ./Drivers/STM32F4xx_HAL_Driver/Src/stm32f4xx_hal_dma.o
 .ARM.attributes
                0x00000000000005ef       0x34 ./Drivers/STM32F4xx_HAL_Driver/Src/stm32f4xx_hal_gpio.o
 .ARM.attributes
                0x0000000000000623       0x34 ./Drivers/STM32F4xx_HAL_Driver/Src/stm32f4xx_hal_i2c.o
 .ARM.attributes
                0x0000000000000657       0x34 ./Drivers/STM32F4xx_HAL_Driver/Src/stm32f4xx_hal_rcc.o
 .ARM.attributes
                0x000000000000068b       0x34 ./Drivers/STM32F4xx_HAL_Driver/Src/stm32f4xx_hal_spi.o
 .ARM.attributes
                0x00000000000006bf       0x34 ./Drivers/STM32F4xx_HAL_Driver/Src/stm32f4xx_hal_sram.o
 .ARM.attributes
                0x00000000000006f3       0x34 ./Drivers/STM32F4xx_HAL_Driver/Src/stm32f4xx_hal_tim.o
 .ARM.attributes
                0x0000000000000727       0x34 ./Drivers/STM32F4xx_HAL_Driver/Src/stm32f4xx_hal_tim_ex.o
 .ARM.attributes
                0x000000000000075b       0x34 ./Drivers/STM32F4xx_HAL_Driver/Src/stm32f4xx_hal_uart.o
 .ARM.attributes
                0x000000000000078f       0x34 ./Drivers/STM32F4xx_HAL_Driver/Src/stm32f4xx_ll_fsmc.o
 .ARM.attributes
                0x00000000000007c3       0x34 c:/st/stm32cubeide_1.7.0/stm32cubeide/plugins/com.st.stm32cube.ide.mcu.externaltools.gnu-tools-for-stm32.9-2020-q2-update.win32_2.0.0.202105311346/tools/bin/../lib/gcc/arm-none-eabi/9.3.1/../../../../arm-none-eabi/lib/thumb/v7e-m+fp/hard\libc_nano.a(lib_a-errno.o)
 .ARM.attributes
                0x00000000000007f7       0x32 c:/st/stm32cubeide_1.7.0/stm32cubeide/plugins/com.st.stm32cube.ide.mcu.externaltools.gnu-tools-for-stm32.9-2020-q2-update.win32_2.0.0.202105311346/tools/bin/../lib/gcc/arm-none-eabi/9.3.1/../../../../arm-none-eabi/lib/thumb/v7e-m+fp/hard\libc_nano.a(lib_a-impure.o)
 .ARM.attributes
                0x0000000000000829       0x34 c:/st/stm32cubeide_1.7.0/stm32cubeide/plugins/com.st.stm32cube.ide.mcu.externaltools.gnu-tools-for-stm32.9-2020-q2-update.win32_2.0.0.202105311346/tools/bin/../lib/gcc/arm-none-eabi/9.3.1/../../../../arm-none-eabi/lib/thumb/v7e-m+fp/hard\libc_nano.a(lib_a-init.o)
 .ARM.attributes
                0x000000000000085d       0x34 c:/st/stm32cubeide_1.7.0/stm32cubeide/plugins/com.st.stm32cube.ide.mcu.externaltools.gnu-tools-for-stm32.9-2020-q2-update.win32_2.0.0.202105311346/tools/bin/../lib/gcc/arm-none-eabi/9.3.1/../../../../arm-none-eabi/lib/thumb/v7e-m+fp/hard\libc_nano.a(lib_a-memset.o)
 .ARM.attributes
                0x0000000000000891       0x34 c:/st/stm32cubeide_1.7.0/stm32cubeide/plugins/com.st.stm32cube.ide.mcu.externaltools.gnu-tools-for-stm32.9-2020-q2-update.win32_2.0.0.202105311346/tools/bin/../lib/gcc/arm-none-eabi/9.3.1/../../../../arm-none-eabi/lib/thumb/v7e-m+fp/hard\libc_nano.a(lib_a-sprintf.o)
 .ARM.attributes
                0x00000000000008c5       0x17 c:/st/stm32cubeide_1.7.0/stm32cubeide/plugins/com.st.stm32cube.ide.mcu.externaltools.gnu-tools-for-stm32.9-2020-q2-update.win32_2.0.0.202105311346/tools/bin/../lib/gcc/arm-none-eabi/9.3.1/../../../../arm-none-eabi/lib/thumb/v7e-m+fp/hard\libc_nano.a(lib_a-strlen.o)
 .ARM.attributes
                0x00000000000008dc       0x34 c:/st/stm32cubeide_1.7.0/stm32cubeide/plugins/com.st.stm32cube.ide.mcu.externaltools.gnu-tools-for-stm32.9-2020-q2-update.win32_2.0.0.202105311346/tools/bin/../lib/gcc/arm-none-eabi/9.3.1/../../../../arm-none-eabi/lib/thumb/v7e-m+fp/hard\libc_nano.a(lib_a-nano-svfprintf.o)
 .ARM.attributes
                0x0000000000000910       0x34 c:/st/stm32cubeide_1.7.0/stm32cubeide/plugins/com.st.stm32cube.ide.mcu.externaltools.gnu-tools-for-stm32.9-2020-q2-update.win32_2.0.0.202105311346/tools/bin/../lib/gcc/arm-none-eabi/9.3.1/../../../../arm-none-eabi/lib/thumb/v7e-m+fp/hard\libc_nano.a(lib_a-nano-vfprintf_i.o)
 .ARM.attributes
                0x0000000000000944       0x1c c:/st/stm32cubeide_1.7.0/stm32cubeide/plugins/com.st.stm32cube.ide.mcu.externaltools.gnu-tools-for-stm32.9-2020-q2-update.win32_2.0.0.202105311346/tools/bin/../lib/gcc/arm-none-eabi/9.3.1/../../../../arm-none-eabi/lib/thumb/v7e-m+fp/hard\libc_nano.a(lib_a-memchr.o)
 .ARM.attributes
                0x0000000000000960       0x34 c:/st/stm32cubeide_1.7.0/stm32cubeide/plugins/com.st.stm32cube.ide.mcu.externaltools.gnu-tools-for-stm32.9-2020-q2-update.win32_2.0.0.202105311346/tools/bin/../lib/gcc/arm-none-eabi/9.3.1/../../../../arm-none-eabi/lib/thumb/v7e-m+fp/hard\libc_nano.a(lib_a-memcpy-stub.o)
 .ARM.attributes
                0x0000000000000994       0x34 c:/st/stm32cubeide_1.7.0/stm32cubeide/plugins/com.st.stm32cube.ide.mcu.externaltools.gnu-tools-for-stm32.9-2020-q2-update.win32_2.0.0.202105311346/tools/bin/../lib/gcc/arm-none-eabi/9.3.1/../../../../arm-none-eabi/lib/thumb/v7e-m+fp/hard\libc_nano.a(lib_a-memmove.o)
 .ARM.attributes
                0x00000000000009c8       0x34 c:/st/stm32cubeide_1.7.0/stm32cubeide/plugins/com.st.stm32cube.ide.mcu.externaltools.gnu-tools-for-stm32.9-2020-q2-update.win32_2.0.0.202105311346/tools/bin/../lib/gcc/arm-none-eabi/9.3.1/../../../../arm-none-eabi/lib/thumb/v7e-m+fp/hard\libc_nano.a(lib_a-nano-freer.o)
 .ARM.attributes
                0x00000000000009fc       0x34 c:/st/stm32cubeide_1.7.0/stm32cubeide/plugins/com.st.stm32cube.ide.mcu.externaltools.gnu-tools-for-stm32.9-2020-q2-update.win32_2.0.0.202105311346/tools/bin/../lib/gcc/arm-none-eabi/9.3.1/../../../../arm-none-eabi/lib/thumb/v7e-m+fp/hard\libc_nano.a(lib_a-nano-mallocr.o)
 .ARM.attributes
                0x0000000000000a30       0x34 c:/st/stm32cubeide_1.7.0/stm32cubeide/plugins/com.st.stm32cube.ide.mcu.externaltools.gnu-tools-for-stm32.9-2020-q2-update.win32_2.0.0.202105311346/tools/bin/../lib/gcc/arm-none-eabi/9.3.1/../../../../arm-none-eabi/lib/thumb/v7e-m+fp/hard\libc_nano.a(lib_a-nano-reallocr.o)
 .ARM.attributes
                0x0000000000000a64       0x34 c:/st/stm32cubeide_1.7.0/stm32cubeide/plugins/com.st.stm32cube.ide.mcu.externaltools.gnu-tools-for-stm32.9-2020-q2-update.win32_2.0.0.202105311346/tools/bin/../lib/gcc/arm-none-eabi/9.3.1/../../../../arm-none-eabi/lib/thumb/v7e-m+fp/hard\libc_nano.a(lib_a-sbrkr.o)
 .ARM.attributes
                0x0000000000000a98       0x34 c:/st/stm32cubeide_1.7.0/stm32cubeide/plugins/com.st.stm32cube.ide.mcu.externaltools.gnu-tools-for-stm32.9-2020-q2-update.win32_2.0.0.202105311346/tools/bin/../lib/gcc/arm-none-eabi/9.3.1/../../../../arm-none-eabi/lib/thumb/v7e-m+fp/hard\libc_nano.a(lib_a-mlock.o)
 .ARM.attributes
                0x0000000000000acc       0x34 c:/st/stm32cubeide_1.7.0/stm32cubeide/plugins/com.st.stm32cube.ide.mcu.externaltools.gnu-tools-for-stm32.9-2020-q2-update.win32_2.0.0.202105311346/tools/bin/../lib/gcc/arm-none-eabi/9.3.1/../../../../arm-none-eabi/lib/thumb/v7e-m+fp/hard\libc_nano.a(lib_a-nano-msizer.o)
 .ARM.attributes
                0x0000000000000b00       0x34 c:/st/stm32cubeide_1.7.0/stm32cubeide/plugins/com.st.stm32cube.ide.mcu.externaltools.gnu-tools-for-stm32.9-2020-q2-update.win32_2.0.0.202105311346/tools/bin/../lib/gcc/arm-none-eabi/9.3.1/../../../../arm-none-eabi/lib/thumb/v7e-m+fp/hard\libc_nano.a(lib_a-reent.o)
 .ARM.attributes
                0x0000000000000b34       0x34 c:/st/stm32cubeide_1.7.0/stm32cubeide/plugins/com.st.stm32cube.ide.mcu.externaltools.gnu-tools-for-stm32.9-2020-q2-update.win32_2.0.0.202105311346/tools/bin/../lib/gcc/arm-none-eabi/9.3.1/../../../../arm-none-eabi/lib/thumb/v7e-m+fp/hard\libc_nano.a(lib_a-lock.o)
 .ARM.attributes
                0x0000000000000b68       0x1e c:/st/stm32cubeide_1.7.0/stm32cubeide/plugins/com.st.stm32cube.ide.mcu.externaltools.gnu-tools-for-stm32.9-2020-q2-update.win32_2.0.0.202105311346/tools/bin/../lib/gcc/arm-none-eabi/9.3.1/thumb/v7e-m+fp/hard\libgcc.a(_arm_addsubdf3.o)
 .ARM.attributes
                0x0000000000000b86       0x1e c:/st/stm32cubeide_1.7.0/stm32cubeide/plugins/com.st.stm32cube.ide.mcu.externaltools.gnu-tools-for-stm32.9-2020-q2-update.win32_2.0.0.202105311346/tools/bin/../lib/gcc/arm-none-eabi/9.3.1/thumb/v7e-m+fp/hard\libgcc.a(_arm_muldivdf3.o)
 .ARM.attributes
                0x0000000000000ba4       0x1e c:/st/stm32cubeide_1.7.0/stm32cubeide/plugins/com.st.stm32cube.ide.mcu.externaltools.gnu-tools-for-stm32.9-2020-q2-update.win32_2.0.0.202105311346/tools/bin/../lib/gcc/arm-none-eabi/9.3.1/thumb/v7e-m+fp/hard\libgcc.a(_arm_truncdfsf2.o)
 .ARM.attributes
                0x0000000000000bc2       0x1e c:/st/stm32cubeide_1.7.0/stm32cubeide/plugins/com.st.stm32cube.ide.mcu.externaltools.gnu-tools-for-stm32.9-2020-q2-update.win32_2.0.0.202105311346/tools/bin/../lib/gcc/arm-none-eabi/9.3.1/thumb/v7e-m+fp/hard\libgcc.a(_aeabi_uldivmod.o)
 .ARM.attributes
                0x0000000000000be0       0x34 c:/st/stm32cubeide_1.7.0/stm32cubeide/plugins/com.st.stm32cube.ide.mcu.externaltools.gnu-tools-for-stm32.9-2020-q2-update.win32_2.0.0.202105311346/tools/bin/../lib/gcc/arm-none-eabi/9.3.1/thumb/v7e-m+fp/hard\libgcc.a(_udivmoddi4.o)
 .ARM.attributes
                0x0000000000000c14       0x1e c:/st/stm32cubeide_1.7.0/stm32cubeide/plugins/com.st.stm32cube.ide.mcu.externaltools.gnu-tools-for-stm32.9-2020-q2-update.win32_2.0.0.202105311346/tools/bin/../lib/gcc/arm-none-eabi/9.3.1/thumb/v7e-m+fp/hard\libgcc.a(_dvmd_tls.o)
 .ARM.attributes
                0x0000000000000c32       0x1e c:/st/stm32cubeide_1.7.0/stm32cubeide/plugins/com.st.stm32cube.ide.mcu.externaltools.gnu-tools-for-stm32.9-2020-q2-update.win32_2.0.0.202105311346/tools/bin/../lib/gcc/arm-none-eabi/9.3.1/thumb/v7e-m+fp/hard/crtn.o
OUTPUT(Bai6_ADC_PWM.elf elf32-littlearm)
LOAD linker stubs
LOAD c:/st/stm32cubeide_1.7.0/stm32cubeide/plugins/com.st.stm32cube.ide.mcu.externaltools.gnu-tools-for-stm32.9-2020-q2-update.win32_2.0.0.202105311346/tools/bin/../lib/gcc/arm-none-eabi/9.3.1/../../../../arm-none-eabi/lib/thumb/v7e-m+fp/hard\libc.a
LOAD c:/st/stm32cubeide_1.7.0/stm32cubeide/plugins/com.st.stm32cube.ide.mcu.externaltools.gnu-tools-for-stm32.9-2020-q2-update.win32_2.0.0.202105311346/tools/bin/../lib/gcc/arm-none-eabi/9.3.1/../../../../arm-none-eabi/lib/thumb/v7e-m+fp/hard\libm.a
LOAD c:/st/stm32cubeide_1.7.0/stm32cubeide/plugins/com.st.stm32cube.ide.mcu.externaltools.gnu-tools-for-stm32.9-2020-q2-update.win32_2.0.0.202105311346/tools/bin/../lib/gcc/arm-none-eabi/9.3.1/thumb/v7e-m+fp/hard\libgcc.a

.debug_info     0x0000000000000000    0x21168
 .debug_info    0x0000000000000000      0xabd ./Core/Src/adc.o
 .debug_info    0x0000000000000abd      0x7f4 ./Core/Src/button.o
 .debug_info    0x00000000000012b1      0x7a3 ./Core/Src/buzzer.o
 .debug_info    0x0000000000001a54     0x1d59 ./Core/Src/display.o
 .debug_info    0x00000000000037ad      0x59c ./Core/Src/dma.o
 .debug_info    0x0000000000003d49      0x824 ./Core/Src/ds3231.o
 .debug_info    0x000000000000456d      0xa96 ./Core/Src/fsmc.o
 .debug_info    0x0000000000005003      0x586 ./Core/Src/gpio.o
 .debug_info    0x0000000000005589      0xa7d ./Core/Src/i2c.o
 .debug_info    0x0000000000006006     0x1759 ./Core/Src/lcd.o
 .debug_info    0x000000000000775f      0x89c ./Core/Src/led_7seg.o
 .debug_info    0x0000000000007ffb     0x22aa ./Core/Src/main.o
 .debug_info    0x000000000000a2a5      0x744 ./Core/Src/sensor.o
 .debug_info    0x000000000000a9e9      0x82a ./Core/Src/software_timer.o
 .debug_info    0x000000000000b213      0xa5a ./Core/Src/spi.o
 .debug_info    0x000000000000bc6d      0x394 ./Core/Src/stm32f4xx_hal_msp.o
 .debug_info    0x000000000000c001      0xa8d ./Core/Src/stm32f4xx_it.o
 .debug_info    0x000000000000ca8e      0xa25 ./Core/Src/sysmem.o
 .debug_info    0x000000000000d4b3      0x5a4 ./Core/Src/system_stm32f4xx.o
 .debug_info    0x000000000000da57      0xebe ./Core/Src/tim.o
 .debug_info    0x000000000000e915     0x1073 ./Core/Src/uart.o
 .debug_info    0x000000000000f988      0xc29 ./Core/Src/usart.o
 .debug_info    0x00000000000105b1       0xd8 ./Core/Src/utils.o
 .debug_info    0x0000000000010689       0x22 ./Core/Startup/startup_stm32f407zetx.o
 .debug_info    0x00000000000106ab      0x9b2 ./Drivers/STM32F4xx_HAL_Driver/Src/stm32f4xx_hal.o
 .debug_info    0x000000000001105d      0xdbc ./Drivers/STM32F4xx_HAL_Driver/Src/stm32f4xx_hal_adc.o
 .debug_info    0x0000000000011e19      0xed7 ./Drivers/STM32F4xx_HAL_Driver/Src/stm32f4xx_hal_cortex.o
 .debug_info    0x0000000000012cf0      0x9f1 ./Drivers/STM32F4xx_HAL_Driver/Src/stm32f4xx_hal_dma.o
 .debug_info    0x00000000000136e1      0x83e ./Drivers/STM32F4xx_HAL_Driver/Src/stm32f4xx_hal_gpio.o
 .debug_info    0x0000000000013f1f     0x264d ./Drivers/STM32F4xx_HAL_Driver/Src/stm32f4xx_hal_i2c.o
 .debug_info    0x000000000001656c      0x996 ./Drivers/STM32F4xx_HAL_Driver/Src/stm32f4xx_hal_rcc.o
 .debug_info    0x0000000000016f02     0x17c0 ./Drivers/STM32F4xx_HAL_Driver/Src/stm32f4xx_hal_spi.o
 .debug_info    0x00000000000186c2      0xbab ./Drivers/STM32F4xx_HAL_Driver/Src/stm32f4xx_hal_sram.o
 .debug_info    0x000000000001926d     0x2c22 ./Drivers/STM32F4xx_HAL_Driver/Src/stm32f4xx_hal_tim.o
 .debug_info    0x000000000001be8f     0x15a2 ./Drivers/STM32F4xx_HAL_Driver/Src/stm32f4xx_hal_tim_ex.o
 .debug_info    0x000000000001d431     0x31de ./Drivers/STM32F4xx_HAL_Driver/Src/stm32f4xx_hal_uart.o
 .debug_info    0x000000000002060f      0xb59 ./Drivers/STM32F4xx_HAL_Driver/Src/stm32f4xx_ll_fsmc.o

.debug_abbrev   0x0000000000000000     0x4715
 .debug_abbrev  0x0000000000000000      0x1ce ./Core/Src/adc.o
 .debug_abbrev  0x00000000000001ce      0x1bf ./Core/Src/button.o
 .debug_abbrev  0x000000000000038d      0x19a ./Core/Src/buzzer.o
 .debug_abbrev  0x0000000000000527      0x263 ./Core/Src/display.o
 .debug_abbrev  0x000000000000078a      0x11b ./Core/Src/dma.o
 .debug_abbrev  0x00000000000008a5      0x1a7 ./Core/Src/ds3231.o
 .debug_abbrev  0x0000000000000a4c      0x1e2 ./Core/Src/fsmc.o
 .debug_abbrev  0x0000000000000c2e      0x14e ./Core/Src/gpio.o
 .debug_abbrev  0x0000000000000d7c      0x1bb ./Core/Src/i2c.o
 .debug_abbrev  0x0000000000000f37      0x3aa ./Core/Src/lcd.o
 .debug_abbrev  0x00000000000012e1      0x1a9 ./Core/Src/led_7seg.o
 .debug_abbrev  0x000000000000148a      0x2a8 ./Core/Src/main.o
 .debug_abbrev  0x0000000000001732      0x19f ./Core/Src/sensor.o
 .debug_abbrev  0x00000000000018d1      0x1e4 ./Core/Src/software_timer.o
 .debug_abbrev  0x0000000000001ab5      0x1bb ./Core/Src/spi.o
 .debug_abbrev  0x0000000000001c70      0x11d ./Core/Src/stm32f4xx_hal_msp.o
 .debug_abbrev  0x0000000000001d8d      0x176 ./Core/Src/stm32f4xx_it.o
 .debug_abbrev  0x0000000000001f03      0x1bf ./Core/Src/sysmem.o
 .debug_abbrev  0x00000000000020c2      0x145 ./Core/Src/system_stm32f4xx.o
 .debug_abbrev  0x0000000000002207      0x1d7 ./Core/Src/tim.o
 .debug_abbrev  0x00000000000023de      0x282 ./Core/Src/uart.o
 .debug_abbrev  0x0000000000002660      0x1c4 ./Core/Src/usart.o
 .debug_abbrev  0x0000000000002824       0x87 ./Core/Src/utils.o
 .debug_abbrev  0x00000000000028ab       0x12 ./Core/Startup/startup_stm32f407zetx.o
 .debug_abbrev  0x00000000000028bd      0x1ed ./Drivers/STM32F4xx_HAL_Driver/Src/stm32f4xx_hal.o
 .debug_abbrev  0x0000000000002aaa      0x22f ./Drivers/STM32F4xx_HAL_Driver/Src/stm32f4xx_hal_adc.o
 .debug_abbrev  0x0000000000002cd9      0x33c ./Drivers/STM32F4xx_HAL_Driver/Src/stm32f4xx_hal_cortex.o
 .debug_abbrev  0x0000000000003015      0x259 ./Drivers/STM32F4xx_HAL_Driver/Src/stm32f4xx_hal_dma.o
 .debug_abbrev  0x000000000000326e      0x1f1 ./Drivers/STM32F4xx_HAL_Driver/Src/stm32f4xx_hal_gpio.o
 .debug_abbrev  0x000000000000345f      0x282 ./Drivers/STM32F4xx_HAL_Driver/Src/stm32f4xx_hal_i2c.o
 .debug_abbrev  0x00000000000036e1      0x275 ./Drivers/STM32F4xx_HAL_Driver/Src/stm32f4xx_hal_rcc.o
 .debug_abbrev  0x0000000000003956      0x26e ./Drivers/STM32F4xx_HAL_Driver/Src/stm32f4xx_hal_spi.o
 .debug_abbrev  0x0000000000003bc4      0x1f4 ./Drivers/STM32F4xx_HAL_Driver/Src/stm32f4xx_hal_sram.o
 .debug_abbrev  0x0000000000003db8      0x25e ./Drivers/STM32F4xx_HAL_Driver/Src/stm32f4xx_hal_tim.o
 .debug_abbrev  0x0000000000004016      0x266 ./Drivers/STM32F4xx_HAL_Driver/Src/stm32f4xx_hal_tim_ex.o
 .debug_abbrev  0x000000000000427c      0x2eb ./Drivers/STM32F4xx_HAL_Driver/Src/stm32f4xx_hal_uart.o
 .debug_abbrev  0x0000000000004567      0x1ae ./Drivers/STM32F4xx_HAL_Driver/Src/stm32f4xx_ll_fsmc.o

.debug_aranges  0x0000000000000000     0x1730
 .debug_aranges
                0x0000000000000000       0x30 ./Core/Src/adc.o
 .debug_aranges
                0x0000000000000030       0x28 ./Core/Src/button.o
 .debug_aranges
                0x0000000000000058       0x28 ./Core/Src/buzzer.o
 .debug_aranges
                0x0000000000000080       0x60 ./Core/Src/display.o
 .debug_aranges
                0x00000000000000e0       0x20 ./Core/Src/dma.o
 .debug_aranges
                0x0000000000000100       0x30 ./Core/Src/ds3231.o
 .debug_aranges
                0x0000000000000130       0x40 ./Core/Src/fsmc.o
 .debug_aranges
                0x0000000000000170       0x20 ./Core/Src/gpio.o
 .debug_aranges
                0x0000000000000190       0x30 ./Core/Src/i2c.o
 .debug_aranges
                0x00000000000001c0       0xd8 ./Core/Src/lcd.o
 .debug_aranges
                0x0000000000000298       0x48 ./Core/Src/led_7seg.o
 .debug_aranges
                0x00000000000002e0       0x68 ./Core/Src/main.o
 .debug_aranges
                0x0000000000000348       0x50 ./Core/Src/sensor.o
 .debug_aranges
                0x0000000000000398       0x30 ./Core/Src/software_timer.o
 .debug_aranges
                0x00000000000003c8       0x30 ./Core/Src/spi.o
 .debug_aranges
                0x00000000000003f8       0x20 ./Core/Src/stm32f4xx_hal_msp.o
 .debug_aranges
                0x0000000000000418       0x78 ./Core/Src/stm32f4xx_it.o
 .debug_aranges
                0x0000000000000490       0x20 ./Core/Src/sysmem.o
 .debug_aranges
                0x00000000000004b0       0x28 ./Core/Src/system_stm32f4xx.o
 .debug_aranges
                0x00000000000004d8       0x40 ./Core/Src/tim.o
 .debug_aranges