display.c:39:6:initDisplay	24	static
display.c:44:6:updateTime	8	static
display.c:53:6:blinkyDisplay	32	static
display.c:91:6:displayTime	24	static
display.c:100:6:displayConfigTime	24	static
display.c:109:6:displayAlarmTime	24	static
display.c:114:6:configMode	8	static
display.c:192:6:setAlarm	16	static
display.c:252:6:checkAlarm	24	static
display.c:265:15:read_uart_line	16	static
display.c:302:13:abort_uart_update	32	static
display.c:315:6:uartUpdateMode	32	static
display.c:518:6:Display	24	static
